../Core/Src/main.c:91:5:main	472	static
../Core/Src/main.c:256:6:SystemClock_Config	88	static
../Core/Src/main.c:279:13:MX_ADC1_Init	24	static
../Core/Src/main.c:306:13:MX_I2C1_Init	8	static
../Core/Src/main.c:320:13:MX_TIM2_Init	48	static
../Core/Src/main.c:342:13:MX_TIM4_Init	32	static
../Core/Src/main.c:360:13:MX_USART6_UART_Init	8	static
../Core/Src/main.c:373:13:MX_DMA_Init	16	static
../Core/Src/main.c:380:13:MX_GPIO_Init	48	static
../Core/Src/main.c:407:13:Manual_DMA_Link_Init	8	static
../Core/Src/main.c:429:5:send_at_command	32	static
../Core/Src/main.c:449:6:HAL_TIM_PeriodElapsedCallback	16	static
../Core/Src/main.c:460:6:HAL_UART_RxCpltCallback	16	static
../Core/Src/main.c:472:6:Error_Handler	4	static,ignoring_inline_asm
