10:50:52 **** Incremental Build of configuration Debug for project ARMControlledLinesensorVehicle ****
make -j12 all 
arm-none-eabi-gcc "../Core/Src/main.c" -mcpu=cortex-m4 -std=gnu11 -g3 -DDEBUG -DUSE_HAL_DRIVER -DSTM32F407xx -c -I../Core/Inc -I../Drivers/STM32F4xx_HAL_Driver/Inc -I../Drivers/STM32F4xx_HAL_Driver/Inc/Legacy -I../Drivers/CMSIS/Device/ST/STM32F4xx/Include -I../Drivers/CMSIS/Include -O0 -ffunction-sections -fdata-sections -Wall -fstack-usage -fcyclomatic-complexity -MMD -MP -MF"Core/Src/main.d" -MT"Core/Src/main.o" --specs=nano.specs -mfpu=fpv4-sp-d16 -mfloat-abi=hard -mthumb -o "Core/Src/main.o"
arm-none-eabi-gcc -o "ARMControlledLinesensorVehicle.elf" @"objects.list"   -mcpu=cortex-m4 -T"D:\Learn\C\C\STM32F407\ARMControlledLinesensorVehicle\STM32F407VETX_FLASH.ld" --specs=nosys.specs -Wl,-Map="ARMControlledLinesensorVehicle.map" -Wl,--gc-sections -static --specs=nano.specs -mfpu=fpv4-sp-d16 -mfloat-abi=hard -mthumb -Wl,--start-group -lc -lm -Wl,--end-group
Finished building target: ARMControlledLinesensorVehicle.elf
 
arm-none-eabi-size  ARMControlledLinesensorVehicle.elf 
arm-none-eabi-objdump -h -S ARMControlledLinesensorVehicle.elf  > "ARMControlledLinesensorVehicle.list"
   text	   data	    bss	    dec	    hex	filename
  16032	     16	   1720	  17768	   4568	ARMControlledLinesensorVehicle.elf
Finished building: default.size.stdout
 
Finished building: ARMControlledLinesensorVehicle.list
 

10:50:53 Build Finished. 0 errors, 0 warnings. (took 1s.73ms)

