14:27:32 **** Incremental Build of configuration Debug for project BluetoothTesting ****
make -j12 all 
arm-none-eabi-gcc "../Core/Src/main.c" -mcpu=cortex-m4 -std=gnu11 -g3 -DDEBUG -DUSE_HAL_DRIVER -DSTM32F407xx -c -I../Core/Inc -I../Drivers/STM32F4xx_HAL_Driver/Inc -I../Drivers/STM32F4xx_HAL_Driver/Inc/Legacy -I../Drivers/CMSIS/Device/ST/STM32F4xx/Include -I../Drivers/CMSIS/Include -O0 -ffunction-sections -fdata-sections -Wall -fstack-usage -fcyclomatic-complexity -MMD -MP -MF"Core/Src/main.d" -MT"Core/Src/main.o" --specs=nano.specs -mfpu=fpv4-sp-d16 -mfloat-abi=hard -mthumb -o "Core/Src/main.o"
arm-none-eabi-gcc -o "BluetoothTesting.elf" @"objects.list"   -mcpu=cortex-m4 -T"D:\Learn\C\C\STM32\BluetoothTesting\STM32F407VETX_FLASH.ld" --specs=nosys.specs -Wl,-Map="BluetoothTesting.map" -Wl,--gc-sections -static --specs=nano.specs -mfpu=fpv4-sp-d16 -mfloat-abi=hard -mthumb -Wl,--start-group -lc -lm -Wl,--end-group
Finished building target: BluetoothTesting.elf
 
arm-none-eabi-size  BluetoothTesting.elf 
arm-none-eabi-objdump -h -S BluetoothTesting.elf  > "BluetoothTesting.list"
   text	   data	    bss	    dec	    hex	filename
  10788	     12	   1644	  12444	   309c	BluetoothTesting.elf
Finished building: default.size.stdout
 
Finished building: BluetoothTesting.list
 

14:27:33 Build Finished. 0 errors, 0 warnings. (took 996ms)

