16:08:06 **** Incremental Build of configuration Debug for project 11.Finale ****
make -j12 all 
arm-none-eabi-gcc "../Core/Src/main.c" -mcpu=cortex-m4 -std=gnu11 -g3 -DDEBUG -DUSE_HAL_DRIVER -DSTM32F411xE -c -I../Core/Inc -I../Drivers/STM32F4xx_HAL_Driver/Inc -I../Drivers/STM32F4xx_HAL_Driver/Inc/Legacy -I../Drivers/CMSIS/Device/ST/STM32F4xx/Include -I../Drivers/CMSIS/Include -O0 -ffunction-sections -fdata-sections -Wall -fstack-usage -fcyclomatic-complexity -MMD -MP -MF"Core/Src/main.d" -MT"Core/Src/main.o" --specs=nano.specs -mfpu=fpv4-sp-d16 -mfloat-abi=hard -mthumb -o "Core/Src/main.o"
../Core/Src/main.c: In function 'main':
../Core/Src/main.c:227:26: warning: unused variable 'mq135_val' [-Wunused-variable]
  227 |                 uint32_t mq135_val = adc_dma_buffer[1];
      |                          ^~~~~~~~~
arm-none-eabi-gcc -o "11.Finale.elf" @"objects.list"   -mcpu=cortex-m4 -T"D:\Learn\C\C\STM32F411\11.Finale\STM32F411VETX_FLASH.ld" --specs=nosys.specs -Wl,-Map="11.Finale.map" -Wl,--gc-sections -static -u _printf_float --specs=nano.specs -mfpu=fpv4-sp-d16 -mfloat-abi=hard -mthumb -Wl,--start-group -lc -lm -Wl,--end-group
Finished building target: 11.Finale.elf
 
arm-none-eabi-size  11.Finale.elf 
arm-none-eabi-objdump -h -S 11.Finale.elf  > "11.Finale.list"
   text	   data	    bss	    dec	    hex	filename
  41044	    468	   2716	  44228	   acc4	11.Finale.elf
Finished building: default.size.stdout
 
Finished building: 11.Finale.list
 

16:08:07 Build Finished. 0 errors, 1 warnings. (took 961ms)

