01:12:28 **** Incremental Build of configuration Debug for project 10-Combined_System ****
make -j12 all 
arm-none-eabi-gcc "../Core/Src/main.c" -mcpu=cortex-m4 -std=gnu11 -g3 -DDEBUG -DUSE_HAL_DRIVER -DSTM32F411xE -c -I../Core/Inc -I../Drivers/STM32F4xx_HAL_Driver/Inc -I../Drivers/STM32F4xx_HAL_Driver/Inc/Legacy -I../Drivers/CMSIS/Device/ST/STM32F4xx/Include -I../Drivers/CMSIS/Include -O0 -ffunction-sections -fdata-sections -Wall -fstack-usage -fcyclomatic-complexity -MMD -MP -MF"Core/Src/main.d" -MT"Core/Src/main.o" --specs=nano.specs -mfpu=fpv4-sp-d16 -mfloat-abi=hard -mthumb -o "Core/Src/main.o"
arm-none-eabi-gcc -o "10-Combined_System.elf" @"objects.list"   -mcpu=cortex-m4 -T"D:\Learn\C\C\STM32F411\10-Combined_System\STM32F411VETX_FLASH.ld" --specs=nosys.specs -Wl,-Map="10-Combined_System.map" -Wl,--gc-sections -static -u _printf_float --specs=nano.specs -mfpu=fpv4-sp-d16 -mfloat-abi=hard -mthumb -Wl,--start-group -lc -lm -Wl,--end-group
Finished building target: 10-Combined_System.elf
 
arm-none-eabi-size  10-Combined_System.elf 
arm-none-eabi-objdump -h -S 10-Combined_System.elf  > "10-Combined_System.list"
   text	   data	    bss	    dec	    hex	filename
  38812	    468	   2692	  41972	   a3f4	10-Combined_System.elf
Finished building: default.size.stdout
 
Finished building: 10-Combined_System.list
 
01:12:32 **** Incremental Build of configuration Debug for project 10-Combined_System ****
make -j12 all 
arm-none-eabi-size  10-Combined_System.elf 
   text	   data	    bss	    dec	    hex	filename
  38812	    468	   2692	  41972	   a3f4	10-Combined_System.elf
Finished building: default.size.stdout
 
01:12:41 **** Incremental Build of configuration Debug for project 10-Combined_System ****
make -j12 all 
arm-none-eabi-size  10-Combined_System.elf 
   text	   data	    bss	    dec	    hex	filename
  38812	    468	   2692	  41972	   a3f4	10-Combined_System.elf
Finished building: default.size.stdout
 
