15:04:25 **** Incremental Build of configuration Debug for project BluetoothTest ****
make -j12 all 
arm-none-eabi-gcc "../Core/Src/main.c" -mcpu=cortex-m4 -std=gnu11 -g3 -DDEBUG -DUSE_HAL_DRIVER -DSTM32F407xx -c -I../Core/Inc -I../Drivers/STM32F4xx_HAL_Driver/Inc -I../Drivers/STM32F4xx_HAL_Driver/Inc/Legacy -I../Drivers/CMSIS/Device/ST/STM32F4xx/Include -I../Drivers/CMSIS/Include -O0 -ffunction-sections -fdata-sections -Wall -fstack-usage -fcyclomatic-complexity -MMD -MP -MF"Core/Src/main.d" -MT"Core/Src/main.o" --specs=nano.specs -mfpu=fpv4-sp-d16 -mfloat-abi=hard -mthumb -o "Core/Src/main.o"
../Core/Src/main.c:100:13: warning: 'MX_UART4_Init' defined but not used [-Wunused-function]
  100 | static void MX_UART4_Init(void)
      |             ^~~~~~~~~~~~~
arm-none-eabi-gcc -o "BluetoothTest.elf" @"objects.list"   -mcpu=cortex-m4 -T"D:\Embeded\STM32\BluetoothTest\STM32F407VETX_FLASH.ld" --specs=nosys.specs -Wl,-Map="BluetoothTest.map" -Wl,--gc-sections -static --specs=nano.specs -mfpu=fpv4-sp-d16 -mfloat-abi=hard -mthumb -Wl,--start-group -lc -lm -Wl,--end-group
Finished building target: BluetoothTest.elf
 
arm-none-eabi-size  BluetoothTest.elf 
arm-none-eabi-objdump -h -S BluetoothTest.elf  > "BluetoothTest.list"
   text	   data	    bss	    dec	    hex	filename
   5736	     12	   1572	   7320	   1c98	BluetoothTest.elf
Finished building: default.size.stdout
 
Finished building: BluetoothTest.list
 

15:04:26 Build Finished. 0 errors, 1 warnings. (took 1s.497ms)

