12:50:16 **** Incremental Build of configuration Debug for project ARMControlledLinesensorVehicle ****
make -j12 all 
arm-none-eabi-gcc "../Core/Src/main.c" -mcpu=cortex-m4 -std=gnu11 -g3 -DDEBUG -DUSE_HAL_DRIVER -DSTM32F407xx -c -I../Core/Inc -I../Drivers/STM32F4xx_HAL_Driver/Inc -I../Drivers/STM32F4xx_HAL_Driver/Inc/Legacy -I../Drivers/CMSIS/Device/ST/STM32F4xx/Include -I../Drivers/CMSIS/Include -O0 -ffunction-sections -fdata-sections -Wall -fstack-usage -fcyclomatic-complexity -MMD -MP -MF"Core/Src/main.d" -MT"Core/Src/main.o" --specs=nano.specs -mfpu=fpv4-sp-d16 -mfloat-abi=hard -mthumb -o "Core/Src/main.o"
arm-none-eabi-gcc -o "ARMControlledLinesensorVehicle.elf" @"objects.list"   -mcpu=cortex-m4 -T"D:\Learn\C\C\STM32\ARMControlledLinesensorVehicle\STM32F407VETX_FLASH.ld" --specs=nosys.specs -Wl,-Map="ARMControlledLinesensorVehicle.map" -Wl,--gc-sections -static --specs=nano.specs -mfpu=fpv4-sp-d16 -mfloat-abi=hard -mthumb -Wl,--start-group -lc -lm -Wl,--end-group
Finished building target: ARMControlledLinesensorVehicle.elf
 
arm-none-eabi-size  ARMControlledLinesensorVehicle.elf 
arm-none-eabi-objdump -h -S ARMControlledLinesensorVehicle.elf  > "ARMControlledLinesensorVehicle.list"
   text	   data	    bss	    dec	    hex	filename
  15972	     16	   1720	  17708	   452c	ARMControlledLinesensorVehicle.elf
Finished building: default.size.stdout
 
Finished building: ARMControlledLinesensorVehicle.list
 
12:50:45 **** Incremental Build of configuration Debug for project ARMControlledLinesensorVehicle ****
make -j12 all 
arm-none-eabi-size  ARMControlledLinesensorVehicle.elf 
   text	   data	    bss	    dec	    hex	filename
  15972	     16	   1720	  17708	   452c	ARMControlledLinesensorVehicle.elf
Finished building: default.size.stdout
 
12:51:02 **** Incremental Build of configuration Debug for project ARMControlledLinesensorVehicle ****
make -j12 all 
arm-none-eabi-size  ARMControlledLinesensorVehicle.elf 
   text	   data	    bss	    dec	    hex	filename
  15972	     16	   1720	  17708	   452c	ARMControlledLinesensorVehicle.elf
Finished building: default.size.stdout
 
12:58:04 **** Incremental Build of configuration Debug for project ARMControlledLinesensorVehicle ****
make -j12 all 
arm-none-eabi-gcc "../Core/Src/main.c" -mcpu=cortex-m4 -std=gnu11 -g3 -DDEBUG -DUSE_HAL_DRIVER -DSTM32F407xx -c -I../Core/Inc -I../Drivers/STM32F4xx_HAL_Driver/Inc -I../Drivers/STM32F4xx_HAL_Driver/Inc/Legacy -I../Drivers/CMSIS/Device/ST/STM32F4xx/Include -I../Drivers/CMSIS/Include -O0 -ffunction-sections -fdata-sections -Wall -fstack-usage -fcyclomatic-complexity -MMD -MP -MF"Core/Src/main.d" -MT"Core/Src/main.o" --specs=nano.specs -mfpu=fpv4-sp-d16 -mfloat-abi=hard -mthumb -o "Core/Src/main.o"
arm-none-eabi-gcc -o "ARMControlledLinesensorVehicle.elf" @"objects.list"   -mcpu=cortex-m4 -T"D:\Learn\C\C\STM32\ARMControlledLinesensorVehicle\STM32F407VETX_FLASH.ld" --specs=nosys.specs -Wl,-Map="ARMControlledLinesensorVehicle.map" -Wl,--gc-sections -static --specs=nano.specs -mfpu=fpv4-sp-d16 -mfloat-abi=hard -mthumb -Wl,--start-group -lc -lm -Wl,--end-group
Finished building target: ARMControlledLinesensorVehicle.elf
 
arm-none-eabi-size  ARMControlledLinesensorVehicle.elf 
arm-none-eabi-objdump -h -S ARMControlledLinesensorVehicle.elf  > "ARMControlledLinesensorVehicle.list"
   text	   data	    bss	    dec	    hex	filename
  15956	     16	   1720	  17692	   451c	ARMControlledLinesensorVehicle.elf
Finished building: default.size.stdout
 
Finished building: ARMControlledLinesensorVehicle.list
 
12:58:52 **** Incremental Build of configuration Debug for project ARMControlledLinesensorVehicle ****
make -j12 all 
arm-none-eabi-size  ARMControlledLinesensorVehicle.elf 
   text	   data	    bss	    dec	    hex	filename
  15956	     16	   1720	  17692	   451c	ARMControlledLinesensorVehicle.elf
Finished building: default.size.stdout
 
13:50:48 **** Incremental Build of configuration Debug for project ARMControlledLinesensorVehicle ****
make -j12 all 
arm-none-eabi-size  ARMControlledLinesensorVehicle.elf 
   text	   data	    bss	    dec	    hex	filename
  15956	     16	   1720	  17692	   451c	ARMControlledLinesensorVehicle.elf
Finished building: default.size.stdout
 
15:32:19 **** Build of configuration Debug for project ARMlinesensor ****
make -j12 all 
arm-none-eabi-size  ARMlinesensor.elf 
   text	   data	    bss	    dec	    hex	filename
  10864	     12	   1644	  12520	   30e8	ARMlinesensor.elf
Finished building: default.size.stdout
 
15:32:27 **** Incremental Build of configuration Debug for project ARMlinesensor ****
make -j12 all 
arm-none-eabi-size  ARMlinesensor.elf 
   text	   data	    bss	    dec	    hex	filename
  10864	     12	   1644	  12520	   30e8	ARMlinesensor.elf
Finished building: default.size.stdout
 
15:35:24 **** Incremental Build of configuration Debug for project ARMControlledLinesensorVehicle ****
make -j12 all 
arm-none-eabi-size  ARMControlledLinesensorVehicle.elf 
   text	   data	    bss	    dec	    hex	filename
  15956	     16	   1720	  17692	   451c	ARMControlledLinesensorVehicle.elf
Finished building: default.size.stdout
 
15:35:41 **** Incremental Build of configuration Debug for project ARMControlledLinesensorVehicle ****
make -j12 all 
arm-none-eabi-size  ARMControlledLinesensorVehicle.elf 
   text	   data	    bss	    dec	    hex	filename
  15956	     16	   1720	  17692	   451c	ARMControlledLinesensorVehicle.elf
Finished building: default.size.stdout
 
16:59:57 **** Incremental Build of configuration Debug for project ARMControlledLinesensorVehicle ****
make -j12 all 
arm-none-eabi-gcc "../Core/Src/main.c" -mcpu=cortex-m4 -std=gnu11 -g3 -DDEBUG -DUSE_HAL_DRIVER -DSTM32F407xx -c -I../Core/Inc -I../Drivers/STM32F4xx_HAL_Driver/Inc -I../Drivers/STM32F4xx_HAL_Driver/Inc/Legacy -I../Drivers/CMSIS/Device/ST/STM32F4xx/Include -I../Drivers/CMSIS/Include -O0 -ffunction-sections -fdata-sections -Wall -fstack-usage -fcyclomatic-complexity -MMD -MP -MF"Core/Src/main.d" -MT"Core/Src/main.o" --specs=nano.specs -mfpu=fpv4-sp-d16 -mfloat-abi=hard -mthumb -o "Core/Src/main.o"
arm-none-eabi-gcc -o "ARMControlledLinesensorVehicle.elf" @"objects.list"   -mcpu=cortex-m4 -T"D:\Learn\C\C\STM32\ARMControlledLinesensorVehicle\STM32F407VETX_FLASH.ld" --specs=nosys.specs -Wl,-Map="ARMControlledLinesensorVehicle.map" -Wl,--gc-sections -static --specs=nano.specs -mfpu=fpv4-sp-d16 -mfloat-abi=hard -mthumb -Wl,--start-group -lc -lm -Wl,--end-group
Finished building target: ARMControlledLinesensorVehicle.elf
 
arm-none-eabi-size  ARMControlledLinesensorVehicle.elf 
arm-none-eabi-objdump -h -S ARMControlledLinesensorVehicle.elf  > "ARMControlledLinesensorVehicle.list"
   text	   data	    bss	    dec	    hex	filename
  15976	     16	   1720	  17712	   4530	ARMControlledLinesensorVehicle.elf
Finished building: default.size.stdout
 
Finished building: ARMControlledLinesensorVehicle.list
 
17:03:17 **** Incremental Build of configuration Debug for project ARMControlledLinesensorVehicle ****
make -j12 all 
arm-none-eabi-gcc "../Core/Src/main.c" -mcpu=cortex-m4 -std=gnu11 -g3 -DDEBUG -DUSE_HAL_DRIVER -DSTM32F407xx -c -I../Core/Inc -I../Drivers/STM32F4xx_HAL_Driver/Inc -I../Drivers/STM32F4xx_HAL_Driver/Inc/Legacy -I../Drivers/CMSIS/Device/ST/STM32F4xx/Include -I../Drivers/CMSIS/Include -O0 -ffunction-sections -fdata-sections -Wall -fstack-usage -fcyclomatic-complexity -MMD -MP -MF"Core/Src/main.d" -MT"Core/Src/main.o" --specs=nano.specs -mfpu=fpv4-sp-d16 -mfloat-abi=hard -mthumb -o "Core/Src/main.o"
arm-none-eabi-gcc -o "ARMControlledLinesensorVehicle.elf" @"objects.list"   -mcpu=cortex-m4 -T"D:\Learn\C\C\STM32\ARMControlledLinesensorVehicle\STM32F407VETX_FLASH.ld" --specs=nosys.specs -Wl,-Map="ARMControlledLinesensorVehicle.map" -Wl,--gc-sections -static --specs=nano.specs -mfpu=fpv4-sp-d16 -mfloat-abi=hard -mthumb -Wl,--start-group -lc -lm -Wl,--end-group
Finished building target: ARMControlledLinesensorVehicle.elf
 
arm-none-eabi-size  ARMControlledLinesensorVehicle.elf 
arm-none-eabi-objdump -h -S ARMControlledLinesensorVehicle.elf  > "ARMControlledLinesensorVehicle.list"
   text	   data	    bss	    dec	    hex	filename
  15984	     16	   1720	  17720	   4538	ARMControlledLinesensorVehicle.elf
Finished building: default.size.stdout
 
Finished building: ARMControlledLinesensorVehicle.list
 
17:09:34 **** Incremental Build of configuration Debug for project ARMControlledLinesensorVehicle ****
make -j12 all 
arm-none-eabi-gcc "../Core/Src/main.c" -mcpu=cortex-m4 -std=gnu11 -g3 -DDEBUG -DUSE_HAL_DRIVER -DSTM32F407xx -c -I../Core/Inc -I../Drivers/STM32F4xx_HAL_Driver/Inc -I../Drivers/STM32F4xx_HAL_Driver/Inc/Legacy -I../Drivers/CMSIS/Device/ST/STM32F4xx/Include -I../Drivers/CMSIS/Include -O0 -ffunction-sections -fdata-sections -Wall -fstack-usage -fcyclomatic-complexity -MMD -MP -MF"Core/Src/main.d" -MT"Core/Src/main.o" --specs=nano.specs -mfpu=fpv4-sp-d16 -mfloat-abi=hard -mthumb -o "Core/Src/main.o"
arm-none-eabi-gcc "../Core/Src/stm32f4xx_hal_msp.c" -mcpu=cortex-m4 -std=gnu11 -g3 -DDEBUG -DUSE_HAL_DRIVER -DSTM32F407xx -c -I../Core/Inc -I../Drivers/STM32F4xx_HAL_Driver/Inc -I../Drivers/STM32F4xx_HAL_Driver/Inc/Legacy -I../Drivers/CMSIS/Device/ST/STM32F4xx/Include -I../Drivers/CMSIS/Include -O0 -ffunction-sections -fdata-sections -Wall -fstack-usage -fcyclomatic-complexity -MMD -MP -MF"Core/Src/stm32f4xx_hal_msp.d" -MT"Core/Src/stm32f4xx_hal_msp.o" --specs=nano.specs -mfpu=fpv4-sp-d16 -mfloat-abi=hard -mthumb -o "Core/Src/stm32f4xx_hal_msp.o"
arm-none-eabi-gcc "../Core/Src/stm32f4xx_it.c" -mcpu=cortex-m4 -std=gnu11 -g3 -DDEBUG -DUSE_HAL_DRIVER -DSTM32F407xx -c -I../Core/Inc -I../Drivers/STM32F4xx_HAL_Driver/Inc -I../Drivers/STM32F4xx_HAL_Driver/Inc/Legacy -I../Drivers/CMSIS/Device/ST/STM32F4xx/Include -I../Drivers/CMSIS/Include -O0 -ffunction-sections -fdata-sections -Wall -fstack-usage -fcyclomatic-complexity -MMD -MP -MF"Core/Src/stm32f4xx_it.d" -MT"Core/Src/stm32f4xx_it.o" --specs=nano.specs -mfpu=fpv4-sp-d16 -mfloat-abi=hard -mthumb -o "Core/Src/stm32f4xx_it.o"
arm-none-eabi-gcc -o "ARMControlledLinesensorVehicle.elf" @"objects.list"   -mcpu=cortex-m4 -T"D:\Learn\C\C\STM32\ARMControlledLinesensorVehicle\STM32F407VETX_FLASH.ld" --specs=nosys.specs -Wl,-Map="ARMControlledLinesensorVehicle.map" -Wl,--gc-sections -static --specs=nano.specs -mfpu=fpv4-sp-d16 -mfloat-abi=hard -mthumb -Wl,--start-group -lc -lm -Wl,--end-group
Finished building target: ARMControlledLinesensorVehicle.elf
 
arm-none-eabi-size  ARMControlledLinesensorVehicle.elf 
arm-none-eabi-objdump -h -S ARMControlledLinesensorVehicle.elf  > "ARMControlledLinesensorVehicle.list"
   text	   data	    bss	    dec	    hex	filename
  16008	     16	   1720	  17744	   4550	ARMControlledLinesensorVehicle.elf
Finished building: default.size.stdout
 
Finished building: ARMControlledLinesensorVehicle.list
 
17:14:21 **** Incremental Build of configuration Debug for project ARMControlledLinesensorVehicle ****
make -j12 all 
arm-none-eabi-gcc "../Core/Src/main.c" -mcpu=cortex-m4 -std=gnu11 -g3 -DDEBUG -DUSE_HAL_DRIVER -DSTM32F407xx -c -I../Core/Inc -I../Drivers/STM32F4xx_HAL_Driver/Inc -I../Drivers/STM32F4xx_HAL_Driver/Inc/Legacy -I../Drivers/CMSIS/Device/ST/STM32F4xx/Include -I../Drivers/CMSIS/Include -O0 -ffunction-sections -fdata-sections -Wall -fstack-usage -fcyclomatic-complexity -MMD -MP -MF"Core/Src/main.d" -MT"Core/Src/main.o" --specs=nano.specs -mfpu=fpv4-sp-d16 -mfloat-abi=hard -mthumb -o "Core/Src/main.o"
arm-none-eabi-gcc -o "ARMControlledLinesensorVehicle.elf" @"objects.list"   -mcpu=cortex-m4 -T"D:\Learn\C\C\STM32\ARMControlledLinesensorVehicle\STM32F407VETX_FLASH.ld" --specs=nosys.specs -Wl,-Map="ARMControlledLinesensorVehicle.map" -Wl,--gc-sections -static --specs=nano.specs -mfpu=fpv4-sp-d16 -mfloat-abi=hard -mthumb -Wl,--start-group -lc -lm -Wl,--end-group
Finished building target: ARMControlledLinesensorVehicle.elf
 
arm-none-eabi-size  ARMControlledLinesensorVehicle.elf 
arm-none-eabi-objdump -h -S ARMControlledLinesensorVehicle.elf  > "ARMControlledLinesensorVehicle.list"
   text	   data	    bss	    dec	    hex	filename
  16024	     16	   1720	  17760	   4560	ARMControlledLinesensorVehicle.elf
Finished building: default.size.stdout
 
Finished building: ARMControlledLinesensorVehicle.list
 
17:14:40 **** Incremental Build of configuration Debug for project ARMControlledLinesensorVehicle ****
make -j12 all 
arm-none-eabi-size  ARMControlledLinesensorVehicle.elf 
   text	   data	    bss	    dec	    hex	filename
  16024	     16	   1720	  17760	   4560	ARMControlledLinesensorVehicle.elf
Finished building: default.size.stdout
 
17:17:04 **** Incremental Build of configuration Debug for project ARMControlledLinesensorVehicle ****
make -j12 all 
arm-none-eabi-gcc "../Core/Src/main.c" -mcpu=cortex-m4 -std=gnu11 -g3 -DDEBUG -DUSE_HAL_DRIVER -DSTM32F407xx -c -I../Core/Inc -I../Drivers/STM32F4xx_HAL_Driver/Inc -I../Drivers/STM32F4xx_HAL_Driver/Inc/Legacy -I../Drivers/CMSIS/Device/ST/STM32F4xx/Include -I../Drivers/CMSIS/Include -O0 -ffunction-sections -fdata-sections -Wall -fstack-usage -fcyclomatic-complexity -MMD -MP -MF"Core/Src/main.d" -MT"Core/Src/main.o" --specs=nano.specs -mfpu=fpv4-sp-d16 -mfloat-abi=hard -mthumb -o "Core/Src/main.o"
arm-none-eabi-gcc -o "ARMControlledLinesensorVehicle.elf" @"objects.list"   -mcpu=cortex-m4 -T"D:\Learn\C\C\STM32\ARMControlledLinesensorVehicle\STM32F407VETX_FLASH.ld" --specs=nosys.specs -Wl,-Map="ARMControlledLinesensorVehicle.map" -Wl,--gc-sections -static --specs=nano.specs -mfpu=fpv4-sp-d16 -mfloat-abi=hard -mthumb -Wl,--start-group -lc -lm -Wl,--end-group
Finished building target: ARMControlledLinesensorVehicle.elf
 
arm-none-eabi-size  ARMControlledLinesensorVehicle.elf 
arm-none-eabi-objdump -h -S ARMControlledLinesensorVehicle.elf  > "ARMControlledLinesensorVehicle.list"
   text	   data	    bss	    dec	    hex	filename
  16032	     16	   1720	  17768	   4568	ARMControlledLinesensorVehicle.elf
Finished building: default.size.stdout
 
Finished building: ARMControlledLinesensorVehicle.list
 
17:18:13 **** Incremental Build of configuration Debug for project ARMControlledLinesensorVehicle ****
make -j12 all 
arm-none-eabi-gcc "../Core/Src/main.c" -mcpu=cortex-m4 -std=gnu11 -g3 -DDEBUG -DUSE_HAL_DRIVER -DSTM32F407xx -c -I../Core/Inc -I../Drivers/STM32F4xx_HAL_Driver/Inc -I../Drivers/STM32F4xx_HAL_Driver/Inc/Legacy -I../Drivers/CMSIS/Device/ST/STM32F4xx/Include -I../Drivers/CMSIS/Include -O0 -ffunction-sections -fdata-sections -Wall -fstack-usage -fcyclomatic-complexity -MMD -MP -MF"Core/Src/main.d" -MT"Core/Src/main.o" --specs=nano.specs -mfpu=fpv4-sp-d16 -mfloat-abi=hard -mthumb -o "Core/Src/main.o"
arm-none-eabi-gcc -o "ARMControlledLinesensorVehicle.elf" @"objects.list"   -mcpu=cortex-m4 -T"D:\Learn\C\C\STM32\ARMControlledLinesensorVehicle\STM32F407VETX_FLASH.ld" --specs=nosys.specs -Wl,-Map="ARMControlledLinesensorVehicle.map" -Wl,--gc-sections -static --specs=nano.specs -mfpu=fpv4-sp-d16 -mfloat-abi=hard -mthumb -Wl,--start-group -lc -lm -Wl,--end-group
Finished building target: ARMControlledLinesensorVehicle.elf
 
arm-none-eabi-size  ARMControlledLinesensorVehicle.elf 
arm-none-eabi-objdump -h -S ARMControlledLinesensorVehicle.elf  > "ARMControlledLinesensorVehicle.list"
   text	   data	    bss	    dec	    hex	filename
  16032	     16	   1720	  17768	   4568	ARMControlledLinesensorVehicle.elf
Finished building: default.size.stdout
 
Finished building: ARMControlledLinesensorVehicle.list
 
17:19:44 **** Incremental Build of configuration Debug for project ARMControlledLinesensorVehicle ****
make -j12 all 
arm-none-eabi-gcc "../Core/Src/main.c" -mcpu=cortex-m4 -std=gnu11 -g3 -DDEBUG -DUSE_HAL_DRIVER -DSTM32F407xx -c -I../Core/Inc -I../Drivers/STM32F4xx_HAL_Driver/Inc -I../Drivers/STM32F4xx_HAL_Driver/Inc/Legacy -I../Drivers/CMSIS/Device/ST/STM32F4xx/Include -I../Drivers/CMSIS/Include -O0 -ffunction-sections -fdata-sections -Wall -fstack-usage -fcyclomatic-complexity -MMD -MP -MF"Core/Src/main.d" -MT"Core/Src/main.o" --specs=nano.specs -mfpu=fpv4-sp-d16 -mfloat-abi=hard -mthumb -o "Core/Src/main.o"
arm-none-eabi-gcc -o "ARMControlledLinesensorVehicle.elf" @"objects.list"   -mcpu=cortex-m4 -T"D:\Learn\C\C\STM32\ARMControlledLinesensorVehicle\STM32F407VETX_FLASH.ld" --specs=nosys.specs -Wl,-Map="ARMControlledLinesensorVehicle.map" -Wl,--gc-sections -static --specs=nano.specs -mfpu=fpv4-sp-d16 -mfloat-abi=hard -mthumb -Wl,--start-group -lc -lm -Wl,--end-group
Finished building target: ARMControlledLinesensorVehicle.elf
 
arm-none-eabi-size  ARMControlledLinesensorVehicle.elf 
arm-none-eabi-objdump -h -S ARMControlledLinesensorVehicle.elf  > "ARMControlledLinesensorVehicle.list"
   text	   data	    bss	    dec	    hex	filename
  16020	     16	   1720	  17756	   455c	ARMControlledLinesensorVehicle.elf
Finished building: default.size.stdout
 
Finished building: ARMControlledLinesensorVehicle.list
 
17:24:13 **** Incremental Build of configuration Debug for project ARMControlledLinesensorVehicle ****
make -j12 all 
arm-none-eabi-gcc "../Core/Src/main.c" -mcpu=cortex-m4 -std=gnu11 -g3 -DDEBUG -DUSE_HAL_DRIVER -DSTM32F407xx -c -I../Core/Inc -I../Drivers/STM32F4xx_HAL_Driver/Inc -I../Drivers/STM32F4xx_HAL_Driver/Inc/Legacy -I../Drivers/CMSIS/Device/ST/STM32F4xx/Include -I../Drivers/CMSIS/Include -O0 -ffunction-sections -fdata-sections -Wall -fstack-usage -fcyclomatic-complexity -MMD -MP -MF"Core/Src/main.d" -MT"Core/Src/main.o" --specs=nano.specs -mfpu=fpv4-sp-d16 -mfloat-abi=hard -mthumb -o "Core/Src/main.o"
arm-none-eabi-gcc -o "ARMControlledLinesensorVehicle.elf" @"objects.list"   -mcpu=cortex-m4 -T"D:\Learn\C\C\STM32\ARMControlledLinesensorVehicle\STM32F407VETX_FLASH.ld" --specs=nosys.specs -Wl,-Map="ARMControlledLinesensorVehicle.map" -Wl,--gc-sections -static --specs=nano.specs -mfpu=fpv4-sp-d16 -mfloat-abi=hard -mthumb -Wl,--start-group -lc -lm -Wl,--end-group
Finished building target: ARMControlledLinesensorVehicle.elf
 
arm-none-eabi-size  ARMControlledLinesensorVehicle.elf 
arm-none-eabi-objdump -h -S ARMControlledLinesensorVehicle.elf  > "ARMControlledLinesensorVehicle.list"
   text	   data	    bss	    dec	    hex	filename
  16020	     16	   1720	  17756	   455c	ARMControlledLinesensorVehicle.elf
Finished building: default.size.stdout
 
Finished building: ARMControlledLinesensorVehicle.list
 
13:57:08 **** Incremental Build of configuration Debug for project ARMControlledLinesensorVehicle ****
make -j12 all 
arm-none-eabi-gcc "../Core/Src/main.c" -mcpu=cortex-m4 -std=gnu11 -g3 -DDEBUG -DUSE_HAL_DRIVER -DSTM32F407xx -c -I../Core/Inc -I../Drivers/STM32F4xx_HAL_Driver/Inc -I../Drivers/STM32F4xx_HAL_Driver/Inc/Legacy -I../Drivers/CMSIS/Device/ST/STM32F4xx/Include -I../Drivers/CMSIS/Include -O0 -ffunction-sections -fdata-sections -Wall -fstack-usage -fcyclomatic-complexity -MMD -MP -MF"Core/Src/main.d" -MT"Core/Src/main.o" --specs=nano.specs -mfpu=fpv4-sp-d16 -mfloat-abi=hard -mthumb -o "Core/Src/main.o"
arm-none-eabi-gcc -o "ARMControlledLinesensorVehicle.elf" @"objects.list"   -mcpu=cortex-m4 -T"D:\Learn\C\C\STM32\ARMControlledLinesensorVehicle\STM32F407VETX_FLASH.ld" --specs=nosys.specs -Wl,-Map="ARMControlledLinesensorVehicle.map" -Wl,--gc-sections -static --specs=nano.specs -mfpu=fpv4-sp-d16 -mfloat-abi=hard -mthumb -Wl,--start-group -lc -lm -Wl,--end-group
Finished building target: ARMControlledLinesensorVehicle.elf
 
arm-none-eabi-size  ARMControlledLinesensorVehicle.elf 
arm-none-eabi-objdump -h -S ARMControlledLinesensorVehicle.elf  > "ARMControlledLinesensorVehicle.list"
   text	   data	    bss	    dec	    hex	filename
  15992	     16	   1720	  17728	   4540	ARMControlledLinesensorVehicle.elf
Finished building: default.size.stdout
 
Finished building: ARMControlledLinesensorVehicle.list
 
13:59:09 **** Incremental Build of configuration Debug for project ARMControlledLinesensorVehicle ****
make -j12 all 
arm-none-eabi-gcc "../Core/Src/main.c" -mcpu=cortex-m4 -std=gnu11 -g3 -DDEBUG -DUSE_HAL_DRIVER -DSTM32F407xx -c -I../Core/Inc -I../Drivers/STM32F4xx_HAL_Driver/Inc -I../Drivers/STM32F4xx_HAL_Driver/Inc/Legacy -I../Drivers/CMSIS/Device/ST/STM32F4xx/Include -I../Drivers/CMSIS/Include -O0 -ffunction-sections -fdata-sections -Wall -fstack-usage -fcyclomatic-complexity -MMD -MP -MF"Core/Src/main.d" -MT"Core/Src/main.o" --specs=nano.specs -mfpu=fpv4-sp-d16 -mfloat-abi=hard -mthumb -o "Core/Src/main.o"
arm-none-eabi-gcc -o "ARMControlledLinesensorVehicle.elf" @"objects.list"   -mcpu=cortex-m4 -T"D:\Learn\C\C\STM32\ARMControlledLinesensorVehicle\STM32F407VETX_FLASH.ld" --specs=nosys.specs -Wl,-Map="ARMControlledLinesensorVehicle.map" -Wl,--gc-sections -static --specs=nano.specs -mfpu=fpv4-sp-d16 -mfloat-abi=hard -mthumb -Wl,--start-group -lc -lm -Wl,--end-group
Finished building target: ARMControlledLinesensorVehicle.elf
 
arm-none-eabi-size  ARMControlledLinesensorVehicle.elf 
arm-none-eabi-objdump -h -S ARMControlledLinesensorVehicle.elf  > "ARMControlledLinesensorVehicle.list"
   text	   data	    bss	    dec	    hex	filename
  16032	     16	   1720	  17768	   4568	ARMControlledLinesensorVehicle.elf
Finished building: default.size.stdout
 
Finished building: ARMControlledLinesensorVehicle.list
 
