../Core/Src/main.c:34:5:main	32	static
../Core/Src/main.c:140:6:HAL_UART_RxCpltCallback	16	static
../Core/Src/main.c:198:6:SystemClock_Config	88	static
../Core/Src/main.c:217:13:MX_TIM1_Init	96	static
../Core/Src/main.c:281:13:MX_UART4_Init	8	static
../Core/Src/main.c:300:13:MX_GPIO_Init	40	static
../Core/Src/main.c:324:6:Error_Handler	4	static,ignoring_inline_asm
../Core/Src/main.c:334:6:setMotor	24	static
../Core/Src/main.c:347:6:shapeRight	16	static
../Core/Src/main.c:352:6:shapeLeft	16	static
../Core/Src/main.c:357:6:forward	16	static
../Core/Src/main.c:362:6:backward	16	static
../Core/Src/main.c:367:6:stop	16	static
../Core/Src/main.c:372:6:turnRight	16	static
../Core/Src/main.c:377:6:turnLeft	16	static
../Core/Src/main.c:382:6:backRight	16	static
../Core/Src/main.c:387:6:backLeft	16	static
../Core/Src/main.c:392:6:hardBackRight	16	static
../Core/Src/main.c:397:6:hardBackLeft	16	static
../Core/Src/main.c:402:6:hardRight	16	static
../Core/Src/main.c:407:6:hardLeft	16	static
