Archive member included to satisfy reference by file (symbol)

c:/progra~2/gnuarm~1/102021~1.10/bin/../lib/gcc/arm-none-eabi/10.3.1/thumb/v6-m/nofp\libgcc.a(_dvmd_tls.o)
                              CMakeFiles/car.dir/D_/Learn/C/C/pico-sdk/src/rp2_common/pico_divider/divider_hardware.S.obj (__aeabi_idiv0)
c:/progra~2/gnuarm~1/102021~1.10/bin/../lib/gcc/arm-none-eabi/10.3.1/../../../../arm-none-eabi/lib/thumb/v6-m/nofp\libg.a(lib_a-calloc.o)
                              CMakeFiles/car.dir/D_/Learn/C/C/pico-sdk/src/rp2_common/pico_malloc/malloc.c.obj (calloc)
c:/progra~2/gnuarm~1/102021~1.10/bin/../lib/gcc/arm-none-eabi/10.3.1/../../../../arm-none-eabi/lib/thumb/v6-m/nofp\libg.a(lib_a-callocr.o)
                              c:/progra~2/gnuarm~1/102021~1.10/bin/../lib/gcc/arm-none-eabi/10.3.1/../../../../arm-none-eabi/lib/thumb/v6-m/nofp\libg.a(lib_a-calloc.o) (_calloc_r)
c:/progra~2/gnuarm~1/102021~1.10/bin/../lib/gcc/arm-none-eabi/10.3.1/../../../../arm-none-eabi/lib/thumb/v6-m/nofp\libg.a(lib_a-errno.o)
                              c:/progra~2/gnuarm~1/102021~1.10/bin/../lib/gcc/arm-none-eabi/10.3.1/../../../../arm-none-eabi/lib/thumb/v6-m/nofp\libg.a(lib_a-callocr.o) (__errno)
c:/progra~2/gnuarm~1/102021~1.10/bin/../lib/gcc/arm-none-eabi/10.3.1/../../../../arm-none-eabi/lib/thumb/v6-m/nofp\libg.a(lib_a-impure.o)
                              c:/progra~2/gnuarm~1/102021~1.10/bin/../lib/gcc/arm-none-eabi/10.3.1/../../../../arm-none-eabi/lib/thumb/v6-m/nofp\libg.a(lib_a-calloc.o) (_impure_ptr)
c:/progra~2/gnuarm~1/102021~1.10/bin/../lib/gcc/arm-none-eabi/10.3.1/../../../../arm-none-eabi/lib/thumb/v6-m/nofp\libg.a(lib_a-init.o)
                              c:/progra~2/gnuarm~1/102021~1.10/bin/../lib/gcc/arm-none-eabi/10.3.1/../../../../arm-none-eabi/lib/thumb/v6-m/nofp/crt0.o (__libc_init_array)
c:/progra~2/gnuarm~1/102021~1.10/bin/../lib/gcc/arm-none-eabi/10.3.1/../../../../arm-none-eabi/lib/thumb/v6-m/nofp\libg.a(lib_a-lcltime_r.o)
                              CMakeFiles/car.dir/D_/Learn/C/C/pico-sdk/src/common/pico_util/datetime.c.obj (localtime_r)
c:/progra~2/gnuarm~1/102021~1.10/bin/../lib/gcc/arm-none-eabi/10.3.1/../../../../arm-none-eabi/lib/thumb/v6-m/nofp\libg.a(lib_a-malloc.o)
                              CMakeFiles/car.dir/D_/Learn/C/C/pico-sdk/src/rp2_common/pico_malloc/malloc.c.obj (malloc)
c:/progra~2/gnuarm~1/102021~1.10/bin/../lib/gcc/arm-none-eabi/10.3.1/../../../../arm-none-eabi/lib/thumb/v6-m/nofp\libg.a(lib_a-mallocr.o)
                              c:/progra~2/gnuarm~1/102021~1.10/bin/../lib/gcc/arm-none-eabi/10.3.1/../../../../arm-none-eabi/lib/thumb/v6-m/nofp\libg.a(lib_a-callocr.o) (_malloc_r)
c:/progra~2/gnuarm~1/102021~1.10/bin/../lib/gcc/arm-none-eabi/10.3.1/../../../../arm-none-eabi/lib/thumb/v6-m/nofp\libg.a(lib_a-memcmp.o)
                              CMakeFiles/car.dir/D_/Learn/C/C/pico-sdk/src/rp2_common/pico_atomic/atomic.c.obj (memcmp)
c:/progra~2/gnuarm~1/102021~1.10/bin/../lib/gcc/arm-none-eabi/10.3.1/../../../../arm-none-eabi/lib/thumb/v6-m/nofp\libg.a(lib_a-mktime.o)
                              CMakeFiles/car.dir/D_/Learn/C/C/pico-sdk/src/common/pico_util/datetime.c.obj (mktime)
c:/progra~2/gnuarm~1/102021~1.10/bin/../lib/gcc/arm-none-eabi/10.3.1/../../../../arm-none-eabi/lib/thumb/v6-m/nofp\libg.a(lib_a-mlock.o)
                              c:/progra~2/gnuarm~1/102021~1.10/bin/../lib/gcc/arm-none-eabi/10.3.1/../../../../arm-none-eabi/lib/thumb/v6-m/nofp\libg.a(lib_a-mallocr.o) (__malloc_lock)
c:/progra~2/gnuarm~1/102021~1.10/bin/../lib/gcc/arm-none-eabi/10.3.1/../../../../arm-none-eabi/lib/thumb/v6-m/nofp\libg.a(lib_a-month_lengths.o)
                              c:/progra~2/gnuarm~1/102021~1.10/bin/../lib/gcc/arm-none-eabi/10.3.1/../../../../arm-none-eabi/lib/thumb/v6-m/nofp\libg.a(lib_a-lcltime_r.o) (__month_lengths)
c:/progra~2/gnuarm~1/102021~1.10/bin/../lib/gcc/arm-none-eabi/10.3.1/../../../../arm-none-eabi/lib/thumb/v6-m/nofp\libg.a(lib_a-realloc.o)
                              CMakeFiles/car.dir/D_/Learn/C/C/pico-sdk/src/rp2_common/pico_malloc/malloc.c.obj (realloc)
c:/progra~2/gnuarm~1/102021~1.10/bin/../lib/gcc/arm-none-eabi/10.3.1/../../../../arm-none-eabi/lib/thumb/v6-m/nofp\libg.a(lib_a-reallocr.o)
                              c:/progra~2/gnuarm~1/102021~1.10/bin/../lib/gcc/arm-none-eabi/10.3.1/../../../../arm-none-eabi/lib/thumb/v6-m/nofp\libg.a(lib_a-realloc.o) (_realloc_r)
c:/progra~2/gnuarm~1/102021~1.10/bin/../lib/gcc/arm-none-eabi/10.3.1/../../../../arm-none-eabi/lib/thumb/v6-m/nofp\libg.a(lib_a-sbrkr.o)
                              c:/progra~2/gnuarm~1/102021~1.10/bin/../lib/gcc/arm-none-eabi/10.3.1/../../../../arm-none-eabi/lib/thumb/v6-m/nofp\libg.a(lib_a-mallocr.o) (_sbrk_r)
c:/progra~2/gnuarm~1/102021~1.10/bin/../lib/gcc/arm-none-eabi/10.3.1/../../../../arm-none-eabi/lib/thumb/v6-m/nofp\libg.a(lib_a-strlen-stub.o)
                              CMakeFiles/car.dir/D_/Learn/C/C/pico-sdk/src/rp2_common/pico_stdio/stdio.c.obj (strlen)
[...]
Memory Configuration

Name             Origin             Length             Attributes
FLASH            0x10000000         0x00200000         xr
RAM              0x20000000         0x00040000         xrw
SCRATCH_X        0x20040000         0x00001000         xrw
SCRATCH_Y        0x20041000         0x00001000         xrw
*default*        0x00000000         0xffffffff

Linker script and memory map

LOAD c:/progra~2/gnuarm~1/102021~1.10/bin/../lib/gcc/arm-none-eabi/10.3.1/thumb/v6-m/nofp/crti.o
LOAD c:/progra~2/gnuarm~1/102021~1.10/bin/../lib/gcc/arm-none-eabi/10.3.1/thumb/v6-m/nofp/crtbegin.o
LOAD c:/progra~2/gnuarm~1/102021~1.10/bin/../lib/gcc/arm-none-eabi/10.3.1/../../../../arm-none-eabi/lib/thumb/v6-m/nofp/crt0.o

.flash_begin    0x10000000        0x0
                0x10000000                __flash_binary_start = .

.boot2          0x10000000      0x100
                0x10000000                __boot2_start__ = .
 *(.boot2)
 .boot2         0x10000000      0x100 pico-sdk\src\rp2040\boot_stage2\CMakeFiles\bs2_default_library.dir\bs2_default_padded_checksummed.S.obj
                0x10000100                __boot2_end__ = .
                0x00000001                ASSERT (((__boot2_end__ - __boot2_start__) == 0x100), ERROR: Pico second stage bootloader must be 256 bytes in size)

.text           0x10000100     0x1d58
                0x10000100                __logical_binary_start = .
 *(.vectors)
 .vectors       0x10000100       0xd4 CMakeFiles/car.dir/D_/Learn/C/C/pico-sdk/src/rp2_common/pico_crt0/crt0.S.obj
                0x10000100                __VECTOR_TABLE
                0x10000100                __vectors
                0x100001c0                isr_invalid
                0x100001c0                __default_isrs_start
                0x100001c2                isr_nmi
                0x100001c4                isr_hardfault
                0x100001c6                isr_svcall
                0x100001c8                isr_pendsv
                0x100001ca                isr_systick
                0x100001cc                isr_irq23
                0x100001cc                isr_irq18
                0x100001cc                isr_irq11
                0x100001cc                isr_irq28
                0x100001cc                isr_irq19
                0x100001cc                isr_irq0
                0x100001cc                isr_irq6
                0x100001cc                isr_irq5
                0x100001cc                isr_irq12
                0x100001cc                isr_irq22
                0x100001cc                isr_irq31
                0x100001cc                isr_irq17
                0x100001cc                isr_irq27
                0x100001cc                isr_irq30
                0x100001cc                isr_irq2
                0x100001cc                isr_irq10
                0x100001cc                isr_irq8
                0x100001cc                isr_irq24
                0x100001cc                isr_irq1
                0x100001cc                isr_irq7
                0x100001cc                isr_irq21
                0x100001cc                isr_irq20
                0x100001cc                isr_irq15
                0x100001cc                isr_irq25
                0x100001cc                isr_irq13
                0x100001cc                __unhandled_user_irq
                0x100001cc                isr_irq4
                0x100001cc                isr_irq16
                0x100001cc                isr_irq29
                0x100001cc                isr_irq26
                0x100001cc                __default_isrs_end
                0x100001cc                isr_irq3
                0x100001cc                isr_irq14
                0x100001cc                isr_irq9
                0x100001d2                unhandled_user_irq_num_in_r0
 *(.binary_info_header)
 .binary_info_header
                0x100001d4       0x14 CMakeFiles/car.dir/D_/Learn/C/C/pico-sdk/src/rp2_common/pico_crt0/crt0.S.obj
                0x100001e8                __binary_info_header_end = .
 *(.embedded_block)
                0x100001e8                __embedded_block_end = .
 *(.reset)
 .reset         0x100001e8       0x9c CMakeFiles/car.dir/D_/Learn/C/C/pico-sdk/src/rp2_common/pico_crt0/crt0.S.obj
                0x100001e8                _entry_point
 *(.init)
 .init          0x10000284        0x4 c:/progra~2/gnuarm~1/102021~1.10/bin/../lib/gcc/arm-none-eabi/10.3.1/thumb/v6-m/nofp/crti.o
                0x10000284                _init
 *(EXCLUDE_FILE(*libm.a: *libc.a:*lib_a-mem*.o *libgcc.a:) .text*)
 .text          0x10000288       0x48 c:/progra~2/gnuarm~1/102021~1.10/bin/../lib/gcc/arm-none-eabi/10.3.1/thumb/v6-m/nofp/crtbegin.o
 .text.on_uart_rx
                0x100002d0       0x68 CMakeFiles/car.dir/car.c.obj
                0x100002d0                on_uart_rx
 .text.repeating_timer_callback
                0x10000338       0xd8 CMakeFiles/car.dir/car.c.obj
 .text.startup.main
                0x10000410      0x1b8 CMakeFiles/car.dir/car.c.obj
                0x10000410                main
 .text.gpio_set_function
                0x100005c8       0x34 CMakeFiles/car.dir/D_/Learn/C/C/pico-sdk/src/rp2_common/hardware_gpio/gpio.c.obj
                0x100005c8                gpio_set_function
 .text.gpio_init
                0x100005fc       0x40 CMakeFiles/car.dir/D_/Learn/C/C/pico-sdk/src/rp2_common/hardware_gpio/gpio.c.obj
                0x100005fc                gpio_init
 .text.panic    0x1000063c       0x30 CMakeFiles/car.dir/D_/Learn/C/C/pico-sdk/src/rp2_common/pico_platform_panic/panic.c.obj
                0x1000063c                panic
 .text.hw_claim_or_assert
                0x1000066c       0x44 CMakeFiles/car.dir/D_/Learn/C/C/pico-sdk/src/common/hardware_claim/claim.c.obj
                0x1000066c                hw_claim_or_assert
 .text.next_striped_spin_lock_num
                0x100006b0       0x18 CMakeFiles/car.dir/D_/Learn/C/C/pico-sdk/src/rp2_common/hardware_sync/sync.c.obj
                0x100006b0                next_striped_spin_lock_num
 .text.spin_locks_reset
                0x100006c8       0x1c CMakeFiles/car.dir/D_/Learn/C/C/pico-sdk/src/rp2_common/hardware_sync_spin_lock/sync_spin_lock.c.obj
                0x100006c8                spin_locks_reset
 .text.runtime_init_per_core_irq_priorities
                0x100006e4       0x24 CMakeFiles/car.dir/D_/Learn/C/C/pico-sdk/src/rp2_common/hardware_irq/irq.c.obj
                0x100006e4                runtime_init_per_core_irq_priorities
 .text.irq_set_enabled
                0x10000708       0x24 CMakeFiles/car.dir/D_/Learn/C/C/pico-sdk/src/rp2_common/hardware_irq/irq.c.obj
                0x10000708                irq_set_enabled
 .text.irq_set_exclusive_handler
                0x1000072c       0x54 CMakeFiles/car.dir/D_/Learn/C/C/pico-sdk/src/rp2_common/hardware_irq/irq.c.obj
                0x1000072c                irq_set_exclusive_handler
 .text.lock_init
                0x10000780       0x10 CMakeFiles/car.dir/D_/Learn/C/C/pico-sdk/src/common/pico_sync/lock_core.c.obj
                0x10000780                lock_init
 .text.runtime_init_mutex
                0x10000790       0x58 CMakeFiles/car.dir/D_/Learn/C/C/pico-sdk/src/common/pico_sync/mutex.c.obj
                0x10000790                runtime_init_mutex
 .text.sleep_until_callback
                0x100007e8       0x30 CMakeFiles/car.dir/D_/Learn/C/C/pico-sdk/src/common/pico_time/time.c.obj
 .text.alarm_pool_irq_handler
                0x10000818      0x308 CMakeFiles/car.dir/D_/Learn/C/C/pico-sdk/src/common/pico_time/time.c.obj
 .text.runtime_init_default_alarm_pool
                0x10000b20       0xdc CMakeFiles/car.dir/D_/Learn/C/C/pico-sdk/src/common/pico_time/time.c.obj
                0x10000b20                runtime_init_default_alarm_pool
 .text.alarm_pool_get_default
                0x10000bfc        0x8 CMakeFiles/car.dir/D_/Learn/C/C/pico-sdk/src/common/pico_time/time.c.obj
                0x10000bfc                alarm_pool_get_default
 .text.alarm_pool_add_alarm_at_force_in_context
                0x10000c04       0xb0 CMakeFiles/car.dir/D_/Learn/C/C/pico-sdk/src/common/pico_time/time.c.obj
                0x10000c04                alarm_pool_add_alarm_at_force_in_context
 .text.alarm_pool_cancel_alarm
                0x10000cb4       0x7c CMakeFiles/car.dir/D_/Learn/C/C/pico-sdk/src/common/pico_time/time.c.obj
                0x10000cb4                alarm_pool_cancel_alarm
 .text.sleep_until
                0x10000d30       0xd0 CMakeFiles/car.dir/D_/Learn/C/C/pico-sdk/src/common/pico_time/time.c.obj
                0x10000d30                sleep_until
 .text.sleep_us
                0x10000e00       0x24 CMakeFiles/car.dir/D_/Learn/C/C/pico-sdk/src/common/pico_time/time.c.obj
                0x10000e00                sleep_us
 .text.sleep_ms
                0x10000e24       0x34 CMakeFiles/car.dir/D_/Learn/C/C/pico-sdk/src/common/pico_time/time.c.obj
                0x10000e24                sleep_ms
 .text.best_effort_wfe_or_timeout
                0x10000e58       0xfc CMakeFiles/car.dir/D_/Learn/C/C/pico-sdk/src/common/pico_time/time.c.obj
                0x10000e58                best_effort_wfe_or_timeout
 .text.alarm_pool_add_repeating_timer_us
                0x10000f54      0x120 CMakeFiles/car.dir/D_/Learn/C/C/pico-sdk/src/common/pico_time/time.c.obj
                0x10000f54                alarm_pool_add_repeating_timer_us
 .text.timer_hardware_alarm_claim
                0x10001074       0x14 CMakeFiles/car.dir/D_/Learn/C/C/pico-sdk/src/rp2_common/hardware_timer/timer.c.obj
                0x10001074                timer_hardware_alarm_claim
 .text.timer_time_us_64
                0x10001088       0x10 CMakeFiles/car.dir/D_/Learn/C/C/pico-sdk/src/rp2_common/hardware_timer/timer.c.obj
                0x10001088                timer_time_us_64
 .text.time_us_64
                0x10001098       0x14 CMakeFiles/car.dir/D_/Learn/C/C/pico-sdk/src/rp2_common/hardware_timer/timer.c.obj
                0x10001098                time_us_64
 .text.busy_wait_us
                0x100010ac       0x54 CMakeFiles/car.dir/D_/Learn/C/C/pico-sdk/src/rp2_common/hardware_timer/timer.c.obj
                0x100010ac                busy_wait_us
 .text.busy_wait_ms
                0x10001100       0x88 CMakeFiles/car.dir/D_/Learn/C/C/pico-sdk/src/rp2_common/hardware_timer/timer.c.obj
                0x10001100                busy_wait_ms
 .text.busy_wait_until
                0x10001188       0x20 CMakeFiles/car.dir/D_/Learn/C/C/pico-sdk/src/rp2_common/hardware_timer/timer.c.obj
                0x10001188                busy_wait_until
 .text.uart_init
                0x100011a8      0x11c CMakeFiles/car.dir/D_/Learn/C/C/pico-sdk/src/rp2_common/hardware_uart/uart.c.obj
                0x100011a8                uart_init
 .text.uart_set_format
                0x100012c4       0x78 CMakeFiles/car.dir/D_/Learn/C/C/pico-sdk/src/rp2_common/hardware_uart/uart.c.obj
                0x100012c4                uart_set_format
 .text.uart_set_fifo_enabled
                0x1000133c       0x60 CMakeFiles/car.dir/D_/Learn/C/C/pico-sdk/src/rp2_common/hardware_uart/uart.c.obj
                0x1000133c                uart_set_fifo_enabled
 .text.clock_configure_int_divider
                0x1000139c       0xf4 CMakeFiles/car.dir/D_/Learn/C/C/pico-sdk/src/rp2_common/hardware_clocks/clocks.c.obj
                0x1000139c                clock_configure_int_divider
 .text.clock_configure_undivided
                0x10001490       0xe8 CMakeFiles/car.dir/D_/Learn/C/C/pico-sdk/src/rp2_common/hardware_clocks/clocks.c.obj
                0x10001490                clock_configure_undivided
 .text.clock_get_hz
                0x10001578        0xc CMakeFiles/car.dir/D_/Learn/C/C/pico-sdk/src/rp2_common/hardware_clocks/clocks.c.obj
                0x10001578                clock_get_hz
 .text.pll_init
                0x10001584       0xa0 CMakeFiles/car.dir/D_/Learn/C/C/pico-sdk/src/rp2_common/hardware_pll/pll.c.obj
                0x10001584                pll_init
 .text.tick_start
                0x10001624       0x10 CMakeFiles/car.dir/D_/Learn/C/C/pico-sdk/src/rp2_common/hardware_ticks/ticks.c.obj
                0x10001624                tick_start
 .text.rom_func_lookup
                0x10001634       0x10 CMakeFiles/car.dir/D_/Learn/C/C/pico-sdk/src/rp2_common/pico_bootrom/bootrom.c.obj
                0x10001634                rom_func_lookup
 .text.rom_data_lookup
                0x10001644       0x10 CMakeFiles/car.dir/D_/Learn/C/C/pico-sdk/src/rp2_common/pico_bootrom/bootrom.c.obj
                0x10001644                rom_data_lookup
 .text.rom_funcs_lookup
                0x10001654       0x44 CMakeFiles/car.dir/D_/Learn/C/C/pico-sdk/src/rp2_common/pico_bootrom/bootrom.c.obj
                0x10001654                rom_funcs_lookup
 .text.xosc_init
                0x10001698       0x28 CMakeFiles/car.dir/D_/Learn/C/C/pico-sdk/src/rp2_common/hardware_xosc/xosc.c.obj
                0x10001698                xosc_init
 .text.first_per_core_initializer
                0x100016c0        0x4 CMakeFiles/car.dir/D_/Learn/C/C/pico-sdk/src/rp2_common/pico_runtime/runtime.c.obj
 .text.hard_assertion_failure
                0x100016c4        0xc CMakeFiles/car.dir/D_/Learn/C/C/pico-sdk/src/rp2_common/pico_runtime/runtime.c.obj
                0x100016c4                hard_assertion_failure
 .text.runtime_run_initializers
                0x100016d0       0x28 CMakeFiles/car.dir/D_/Learn/C/C/pico-sdk/src/rp2_common/pico_runtime/runtime.c.obj
                0x100016d0                runtime_run_initializers
 .text.runtime_init_early_resets
                0x100016f8       0x2c CMakeFiles/car.dir/D_/Learn/C/C/pico-sdk/src/rp2_common/pico_runtime_init/runtime_init.c.obj
                0x100016f8                runtime_init_early_resets
 .text.runtime_init_usb_power_down
                0x10001724       0x1c CMakeFiles/car.dir/D_/Learn/C/C/pico-sdk/src/rp2_common/pico_runtime_init/runtime_init.c.obj
                0x10001724                runtime_init_usb_power_down
 .text.runtime_init_post_clock_resets
                0x10001740       0x20 CMakeFiles/car.dir/D_/Learn/C/C/pico-sdk/src/rp2_common/pico_runtime_init/runtime_init.c.obj
                0x10001740                runtime_init_post_clock_resets
 .text.runtime_init_rp2040_gpio_ie_disable
                0x10001760       0x14 CMakeFiles/car.dir/D_/Learn/C/C/pico-sdk/src/rp2_common/pico_runtime_init/runtime_init.c.obj
                0x10001760                runtime_init_rp2040_gpio_ie_disable
 .text.runtime_init_spin_locks_reset
                0x10001774        0x8 CMakeFiles/car.dir/D_/Learn/C/C/pico-sdk/src/rp2_common/pico_runtime_init/runtime_init.c.obj
                0x10001774                runtime_init_spin_locks_reset
 .text.runtime_init_install_ram_vector_table
                0x1000177c       0x1c CMakeFiles/car.dir/D_/Learn/C/C/pico-sdk/src/rp2_common/pico_runtime_init/runtime_init.c.obj
                0x1000177c                runtime_init_install_ram_vector_table
 .text.runtime_init_clocks
                0x10001798       0xd8 CMakeFiles/car.dir/D_/Learn/C/C/pico-sdk/src/rp2_common/pico_runtime_init/runtime_init_clocks.c.obj
                0x10001798                runtime_init_clocks
 .text          0x10001870       0x10 CMakeFiles/car.dir/D_/Learn/C/C/pico-sdk/src/rp2_common/pico_bit_ops/bit_ops_aeabi.S.obj
 .text.__wrap___aeabi_uidiv
                0x10001880       0x4c CMakeFiles/car.dir/D_/Learn/C/C/pico-sdk/src/rp2_common/pico_divider/divider_hardware.S.obj
                0x10001880                __wrap___aeabi_uidiv
                0x10001880                __wrap___aeabi_uidivmod
                0x10001880                div_u32u32
                0x10001880                divmod_u32u32
                0x10001888                divmod_u32u32_unsafe
                0x100018b0                divmod_u32u32_savestate
 .text.__aeabi_double_init
                0x100018cc       0xa0 CMakeFiles/car.dir/D_/Learn/C/C/pico-sdk/src/rp2_common/pico_double/double_init_rom_rp2040.c.obj
                0x100018cc                __aeabi_double_init
 .text.double_table_shim_on_use_helper
                0x1000196c       0x2c CMakeFiles/car.dir/D_/Learn/C/C/pico-sdk/src/rp2_common/pico_double/double_v1_rom_shim_rp2040.S.obj
                0x1000196c                double_table_shim_on_use_helper
 .text.__aeabi_lmul
                0x10001998       0x32 CMakeFiles/car.dir/D_/Learn/C/C/pico-sdk/src/rp2_common/pico_int64_ops/pico_int64_ops_aeabi.S.obj
                0x10001998                __wrap___aeabi_lmul
 *fill*         0x100019ca        0x2 
 .text.__aeabi_float_init
                0x100019cc       0x64 CMakeFiles/car.dir/D_/Learn/C/C/pico-sdk/src/rp2_common/pico_float/float_init_rom_rp2040.c.obj
                0x100019cc                __aeabi_float_init
 .text.float_table_shim_on_use_helper
                0x10001a30       0x2c CMakeFiles/car.dir/D_/Learn/C/C/pico-sdk/src/rp2_common/pico_float/float_v1_rom_shim_rp2040.S.obj
                0x10001a30                float_table_shim_on_use_helper
 .text          0x10001a5c       0x10 CMakeFiles/car.dir/D_/Learn/C/C/pico-sdk/src/rp2_common/pico_mem_ops/mem_ops_aeabi.S.obj
                0x10001a5c                __aeabi_mem_init
 .text.memcpy   0x10001a6c        0xc CMakeFiles/car.dir/D_/Learn/C/C/pico-sdk/src/rp2_common/pico_mem_ops/mem_ops_aeabi.S.obj
                0x10001a6c                __wrap_memcpy
                0x10001a6c                __wrap___aeabi_memcpy
 .text._out_char
                0x10001a78       0x10 CMakeFiles/car.dir/D_/Learn/C/C/pico-sdk/src/rp2_common/pico_printf/printf.c.obj
 .text.weak_raw_vprintf
                0x10001a88       0x30 CMakeFiles/car.dir/D_/Learn/C/C/pico-sdk/src/rp2_common/pico_printf/printf.c.obj
                0x10001a88                weak_raw_vprintf
 .text._exit    0x10001ab8        0x4 CMakeFiles/car.dir/D_/Learn/C/C/pico-sdk/src/rp2_common/pico_clib_interface/newlib_interface.c.obj
                0x10001ab8                _exit
 .text.exit     0x10001abc        0x8 CMakeFiles/car.dir/D_/Learn/C/C/pico-sdk/src/rp2_common/pico_clib_interface/newlib_interface.c.obj
                0x10001abc                exit
 .text.runtime_init
                0x10001ac4       0x2c CMakeFiles/car.dir/D_/Learn/C/C/pico-sdk/src/rp2_common/pico_clib_interface/newlib_interface.c.obj
                0x10001ac4                runtime_init
 .text.stdio_out_chars_no_crlf
                0x10001af0       0x10 CMakeFiles/car.dir/D_/Learn/C/C/pico-sdk/src/rp2_common/pico_stdio/stdio.c.obj
 .text.stdio_out_chars_crlf
                0x10001b00       0xb4 CMakeFiles/car.dir/D_/Learn/C/C/pico-sdk/src/rp2_common/pico_stdio/stdio.c.obj
 .text.stdio_put_string
                0x10001bb4      0x100 CMakeFiles/car.dir/D_/Learn/C/C/pico-sdk/src/rp2_common/pico_stdio/stdio.c.obj
                0x10001bb4                stdio_put_string
 .text.__wrap_putchar
                0x10001cb4       0x98 CMakeFiles/car.dir/D_/Learn/C/C/pico-sdk/src/rp2_common/pico_stdio/stdio.c.obj
                0x10001cb4                __wrap_putchar
                0x10001cb4                stdio_putchar
 .text.__wrap_puts
                0x10001d4c       0x3c CMakeFiles/car.dir/D_/Learn/C/C/pico-sdk/src/rp2_common/pico_stdio/stdio.c.obj
                0x10001d4c                stdio_puts
                0x10001d4c                __wrap_puts
 .text.strlen   0x10001d88       0x5c c:/progra~2/gnuarm~1/102021~1.10/bin/../lib/gcc/arm-none-eabi/10.3.1/../../../../arm-none-eabi/lib/thumb/v6-m/nofp\libg.a(lib_a-strlen-stub.o)
                0x10001d88                strlen
 *(.fini)
 .fini          0x10001de4        0x4 c:/progra~2/gnuarm~1/102021~1.10/bin/../lib/gcc/arm-none-eabi/10.3.1/thumb/v6-m/nofp/crti.o
                0x10001de4                _fini
 .fini.__stub   0x10001de8       0x30 linker stubs
 *crtbegin.o(.ctors)
 *crtbegin?.o(.ctors)
 *(EXCLUDE_FILE(*crtend.o *crtend?.o) .ctors)
 *(SORT_BY_NAME(.ctors.*))
 *(.ctors)
 *crtbegin.o(.dtors)
 *crtbegin?.o(.dtors)
 *(EXCLUDE_FILE(*crtend.o *crtend?.o) .dtors)
 *(SORT_BY_NAME(.dtors.*))
 *(.dtors)
                0x10001e18                . = ALIGN (0x4)
                0x10001e18                PROVIDE (__preinit_array_start = .)
 *(SORT_BY_NAME(.preinit_array.*))
 .preinit_array.00100
                0x10001e18        0x4 CMakeFiles/car.dir/D_/Learn/C/C/pico-sdk/src/rp2_common/pico_runtime_init/runtime_init.c.obj
                0x10001e18                __pre_init_runtime_init_early_resets
 .preinit_array.00101
                0x10001e1c        0x4 CMakeFiles/car.dir/D_/Learn/C/C/pico-sdk/src/rp2_common/pico_runtime_init/runtime_init.c.obj
                0x10001e1c                __pre_init_runtime_init_usb_power_down
 .preinit_array.00275
                0x10001e20        0x4 CMakeFiles/car.dir/D_/Learn/C/C/pico-sdk/src/rp2_common/pico_bit_ops/bit_ops_aeabi.S.obj
 .preinit_array.00300
                0x10001e24        0x4 CMakeFiles/car.dir/D_/Learn/C/C/pico-sdk/src/rp2_common/pico_mem_ops/mem_ops_aeabi.S.obj
 .preinit_array.00350
                0x10001e28        0x4 CMakeFiles/car.dir/D_/Learn/C/C/pico-sdk/src/rp2_common/pico_double/double_aeabi_rp2040.S.obj
 .preinit_array.00350
                0x10001e2c        0x4 CMakeFiles/car.dir/D_/Learn/C/C/pico-sdk/src/rp2_common/pico_float/float_aeabi_rp2040.S.obj
 .preinit_array.00500
                0x10001e30        0x4 CMakeFiles/car.dir/D_/Learn/C/C/pico-sdk/src/rp2_common/pico_runtime_init/runtime_init.c.obj
                0x10001e30                __pre_init_runtime_init_clocks
 .preinit_array.00600
                0x10001e34        0x4 CMakeFiles/car.dir/D_/Learn/C/C/pico-sdk/src/rp2_common/pico_runtime_init/runtime_init.c.obj
                0x10001e34                __pre_init_runtime_init_post_clock_resets
 .preinit_array.00700
                0x10001e38        0x4 CMakeFiles/car.dir/D_/Learn/C/C/pico-sdk/src/rp2_common/pico_runtime_init/runtime_init.c.obj
                0x10001e38                __pre_init_runtime_init_rp2040_gpio_ie_disable
 .preinit_array.01000
                0x10001e3c        0x4 CMakeFiles/car.dir/D_/Learn/C/C/pico-sdk/src/rp2_common/pico_runtime_init/runtime_init.c.obj
                0x10001e3c                __pre_init_runtime_init_spin_locks_reset
 .preinit_array.01100
                0x10001e40        0x4 CMakeFiles/car.dir/D_/Learn/C/C/pico-sdk/src/common/pico_sync/mutex.c.obj
                0x10001e40                __pre_init_runtime_init_mutex
 .preinit_array.10080
                0x10001e44        0x4 CMakeFiles/car.dir/D_/Learn/C/C/pico-sdk/src/rp2_common/pico_runtime_init/runtime_init.c.obj
                0x10001e44                __pre_init_runtime_init_install_ram_vector_table
 .preinit_array.11000
                0x10001e48        0x4 CMakeFiles/car.dir/D_/Learn/C/C/pico-sdk/src/common/pico_time/time.c.obj
                0x10001e48                __pre_init_runtime_init_default_alarm_pool
 .preinit_array.YYYYY
                0x10001e4c        0x4 CMakeFiles/car.dir/D_/Learn/C/C/pico-sdk/src/rp2_common/pico_runtime/runtime.c.obj
                0x10001e4c                __pre_init_first_per_core_initializer
 .preinit_array.ZZZZZ.01200
                0x10001e50        0x4 CMakeFiles/car.dir/D_/Learn/C/C/pico-sdk/src/rp2_common/hardware_irq/irq.c.obj
                0x10001e50                __pre_init_runtime_init_per_core_irq_priorities
 *(.preinit_array)
                0x10001e54                PROVIDE (__preinit_array_end = .)
                0x10001e54                . = ALIGN (0x4)
                0x10001e54                PROVIDE (__init_array_start = .)
 *(SORT_BY_NAME(.init_array.*))
 *(.init_array)
 .init_array    0x10001e54        0x4 c:/progra~2/gnuarm~1/102021~1.10/bin/../lib/gcc/arm-none-eabi/10.3.1/thumb/v6-m/nofp/crtbegin.o
                0x10001e58                PROVIDE (__init_array_end = .)
                0x10001e58                . = ALIGN (0x4)
                [!provide]                PROVIDE (__fini_array_start = .)
 *(SORT_BY_NAME(.fini_array.*))
 *(.fini_array)
                [!provide]                PROVIDE (__fini_array_end = .)
 *(.eh_frame*)
 .eh_frame      0x10001e58        0x0 c:/progra~2/gnuarm~1/102021~1.10/bin/../lib/gcc/arm-none-eabi/10.3.1/thumb/v6-m/nofp/crtbegin.o
                0x10001e58                . = ALIGN (0x4)

.glue_7         0x10001e58        0x0
 .glue_7        0x10001e58        0x0 linker stubs

.glue_7t        0x10001e58        0x0
 .glue_7t       0x10001e58        0x0 linker stubs

.vfp11_veneer   0x10001e58        0x0
 .vfp11_veneer  0x10001e58        0x0 linker stubs

.v4_bx          0x10001e58        0x0
 .v4_bx         0x10001e58        0x0 linker stubs

.iplt           0x10001e58        0x0
 .iplt          0x10001e58        0x0 c:/progra~2/gnuarm~1/102021~1.10/bin/../lib/gcc/arm-none-eabi/10.3.1/thumb/v6-m/nofp/crtbegin.o

.rodata         0x10001e58       0xf8
 *(EXCLUDE_FILE(*libm.a: *libc.a:*lib_a-mem*.o *libgcc.a:) .rodata*)
 .rodata.on_uart_rx
                0x10001e58       0x18 CMakeFiles/car.dir/car.c.obj
 .rodata.CSWTCH.74
                0x10001e70        0xc CMakeFiles/car.dir/car.c.obj
 .rodata.panic.str1.4
                0x10001e7c       0x12 CMakeFiles/car.dir/D_/Learn/C/C/pico-sdk/src/rp2_common/pico_platform_panic/panic.c.obj
 *fill*         0x10001e8e        0x2 
 .rodata.timer_hardware_alarm_claim.str1.4
                0x10001e90       0x22 CMakeFiles/car.dir/D_/Learn/C/C/pico-sdk/src/rp2_common/hardware_timer/timer.c.obj
 *fill*         0x10001eb2        0x2 
 .rodata.hard_assertion_failure.str1.4
                0x10001eb4        0xc CMakeFiles/car.dir/D_/Learn/C/C/pico-sdk/src/rp2_common/pico_runtime/runtime.c.obj
 .rodata.str1.4
                0x10001ec0       0x38 CMakeFiles/car.dir/D_/Learn/C/C/pico-sdk/src/rp2_common/pico_standard_binary_info/standard_binary_info.c.obj
 .rodata.__bi_26
                0x10001ef8        0xc CMakeFiles/car.dir/D_/Learn/C/C/pico-sdk/src/rp2_common/pico_standard_binary_info/standard_binary_info.c.obj
 .rodata.__bi_34
                0x10001f04        0xc CMakeFiles/car.dir/D_/Learn/C/C/pico-sdk/src/rp2_common/pico_standard_binary_info/standard_binary_info.c.obj
 .rodata.__bi_42
                0x10001f10        0xc CMakeFiles/car.dir/D_/Learn/C/C/pico-sdk/src/rp2_common/pico_standard_binary_info/standard_binary_info.c.obj
 .rodata.__bi_48
                0x10001f1c        0xc CMakeFiles/car.dir/D_/Learn/C/C/pico-sdk/src/rp2_common/pico_standard_binary_info/standard_binary_info.c.obj
 .rodata.__bi_54
                0x10001f28        0xc CMakeFiles/car.dir/D_/Learn/C/C/pico-sdk/src/rp2_common/pico_standard_binary_info/standard_binary_info.c.obj
 .rodata.__bi_78
                0x10001f34        0xc CMakeFiles/car.dir/D_/Learn/C/C/pico-sdk/src/rp2_common/pico_standard_binary_info/standard_binary_info.c.obj
 .rodata.__bi_84
                0x10001f40        0xc CMakeFiles/car.dir/D_/Learn/C/C/pico-sdk/src/rp2_common/pico_standard_binary_info/standard_binary_info.c.obj
 .rodata.crlf_str.0
                0x10001f4c        0x2 CMakeFiles/car.dir/D_/Learn/C/C/pico-sdk/src/rp2_common/pico_stdio/stdio.c.obj
                0x10001f50                . = ALIGN (0x4)
 *fill*         0x10001f4e        0x2 
 *(SORT_BY_ALIGNMENT(SORT_BY_NAME(.flashdata*)))
                0x10001f50                . = ALIGN (0x4)

.ARM.extab
 *(.ARM.extab* .gnu.linkonce.armextab.*)
                0x10001f50                __exidx_start = .

.ARM.exidx
 *(.ARM.exidx* .gnu.linkonce.armexidx.*)
                0x10001f50                __exidx_end = .
                0x10001f50                . = ALIGN (0x4)
                0x10001f50                __binary_info_start = .

.binary_info    0x10001f50       0x1c
 *(.binary_info.keep.*)
 .binary_info.keep.__bi_ptr26
                0x10001f50        0x4 CMakeFiles/car.dir/D_/Learn/C/C/pico-sdk/src/rp2_common/pico_standard_binary_info/standard_binary_info.c.obj
 .binary_info.keep.__bi_ptr34
                0x10001f54        0x4 CMakeFiles/car.dir/D_/Learn/C/C/pico-sdk/src/rp2_common/pico_standard_binary_info/standard_binary_info.c.obj
 .binary_info.keep.__bi_ptr42
                0x10001f58        0x4 CMakeFiles/car.dir/D_/Learn/C/C/pico-sdk/src/rp2_common/pico_standard_binary_info/standard_binary_info.c.obj
 .binary_info.keep.__bi_ptr48
                0x10001f5c        0x4 CMakeFiles/car.dir/D_/Learn/C/C/pico-sdk/src/rp2_common/pico_standard_binary_info/standard_binary_info.c.obj
 .binary_info.keep.__bi_ptr54
                0x10001f60        0x4 CMakeFiles/car.dir/D_/Learn/C/C/pico-sdk/src/rp2_common/pico_standard_binary_info/standard_binary_info.c.obj
 .binary_info.keep.__bi_ptr78
                0x10001f64        0x4 CMakeFiles/car.dir/D_/Learn/C/C/pico-sdk/src/rp2_common/pico_standard_binary_info/standard_binary_info.c.obj
 .binary_info.keep.__bi_ptr84
                0x10001f68        0x4 CMakeFiles/car.dir/D_/Learn/C/C/pico-sdk/src/rp2_common/pico_standard_binary_info/standard_binary_info.c.obj
 *(.binary_info.*)
                0x10001f6c                __binary_info_end = .

.rel.dyn        0x10001f6c        0x0
 .rel.iplt      0x10001f6c        0x0 c:/progra~2/gnuarm~1/102021~1.10/bin/../lib/gcc/arm-none-eabi/10.3.1/thumb/v6-m/nofp/crtbegin.o
                0x10001f6c                . = ALIGN (0x4)

.ram_vector_table
                0x20000000       0xc0
 *(.ram_vector_table)
 .ram_vector_table
                0x20000000       0xc0 CMakeFiles/car.dir/D_/Learn/C/C/pico-sdk/src/rp2_common/pico_runtime_init/runtime_init.c.obj
                0x20000000                ram_vector_table

.uninitialized_data
                0x200000c0        0x0
                0x200000c0                . = ALIGN (0x4)
 *(.uninitialized_data*)

.data           0x200000c0      0x128 load address 0x10001f6c
                0x200000c0                __data_start__ = .
 *(vtable)
 *(.time_critical*)
 .time_critical.mutex_try_enter_block_until
                0x200000c0       0x9c CMakeFiles/car.dir/D_/Learn/C/C/pico-sdk/src/common/pico_sync/mutex.c.obj
                0x200000c0                mutex_try_enter_block_until
 .time_critical.mutex_exit
                0x2000015c       0x28 CMakeFiles/car.dir/D_/Learn/C/C/pico-sdk/src/common/pico_sync/mutex.c.obj
                0x2000015c                mutex_exit
 *(.text*)
 .text          0x20000184        0x4 c:/progra~2/gnuarm~1/102021~1.10/bin/../lib/gcc/arm-none-eabi/10.3.1/thumb/v6-m/nofp\libgcc.a(_dvmd_tls.o)
                0x20000184                __aeabi_idiv0
                0x20000184                __aeabi_ldiv0
 .text.__stub   0x20000188       0x10 linker stubs
                0x20000198                . = ALIGN (0x4)
 *(.rodata*)
                0x20000198                . = ALIGN (0x4)
 *(.data*)
 .data.striped_spin_lock_num
                0x20000198        0x1 CMakeFiles/car.dir/D_/Learn/C/C/pico-sdk/src/rp2_common/hardware_sync/sync.c.obj
 *fill*         0x20000199        0x3 
 .data.default_alarm_pool
                0x2000019c       0x18 CMakeFiles/car.dir/D_/Learn/C/C/pico-sdk/src/common/pico_time/time.c.obj
 *fill*         0x200001b4        0xc 
 .data.aeabi_bits_funcs
                0x200001c0       0x10 CMakeFiles/car.dir/D_/Learn/C/C/pico-sdk/src/rp2_common/pico_bit_ops/bit_ops_aeabi.S.obj
                0x200001c0                aeabi_bits_funcs
                0x200001d0                aeabi_bits_funcs_end
 .data.aeabi_mem_funcs
                0x200001d0       0x10 CMakeFiles/car.dir/D_/Learn/C/C/pico-sdk/src/rp2_common/pico_mem_ops/mem_ops_aeabi.S.obj
                0x200001d0                aeabi_mem_funcs
                0x200001e0                aeabi_mem_funcs_end
                0x200001e0                . = ALIGN (0x4)
 *(.after_data.*)
                0x200001e0                . = ALIGN (0x4)
                0x200001e0                PROVIDE (__mutex_array_start = .)
 *(SORT_BY_NAME(.mutex_array.*))
 *(.mutex_array)
 .mutex_array   0x200001e0        0x8 CMakeFiles/car.dir/D_/Learn/C/C/pico-sdk/src/rp2_common/pico_stdio/stdio.c.obj
                0x200001e8                PROVIDE (__mutex_array_end = .)
                0x200001e8                . = ALIGN (0x4)
 *(.jcr)
                0x200001e8                . = ALIGN (0x4)

.igot.plt       0x200001e8        0x0 load address 0x10002094
 .igot.plt      0x200001e8        0x0 c:/progra~2/gnuarm~1/102021~1.10/bin/../lib/gcc/arm-none-eabi/10.3.1/thumb/v6-m/nofp/crtbegin.o

.tdata          0x200001e8        0x0 load address 0x10002094
                0x200001e8                . = ALIGN (0x4)
 *(.tdata .tdata.* .gnu.linkonce.td.*)
                0x200001e8                __tdata_end = .
                0x200001e8                PROVIDE (__data_end__ = .)
                0x10001f6c                __etext = LOADADDR (.data)

.tbss           0x200001e8        0x0 load address 0x10002094
                0x200001e8                . = ALIGN (0x4)
                0x200001e8                __bss_start__ = .
                0x200001e8                __tls_base = .
 *(.tbss .tbss.* .gnu.linkonce.tb.*)
 *(.tcommon)
                0x200001e8                __tls_end = .

.bss            0x200001e8      0x414 load address 0x10002094
                0x200001e8                . = ALIGN (0x4)
                0x200001e8                __tbss_end = .
 *(SORT_BY_ALIGNMENT(SORT_BY_NAME(.bss*)))
 .bss.default_alarm_pool_entries
                0x200001e8      0x180 CMakeFiles/car.dir/D_/Learn/C/C/pico-sdk/src/common/pico_time/time.c.obj
 .bss.lastStateChange
                0x20000368        0x8 CMakeFiles/car.dir/car.c.obj
 .bss.motor_timer.0
                0x20000370       0x18 CMakeFiles/car.dir/car.c.obj
 .bss.sd_table  0x20000388      0x100 CMakeFiles/car.dir/D_/Learn/C/C/pico-sdk/src/rp2_common/pico_double/double_init_rom_rp2040.c.obj
                0x20000388                sd_table
 .bss.sf_table  0x20000488      0x100 CMakeFiles/car.dir/D_/Learn/C/C/pico-sdk/src/rp2_common/pico_float/float_init_rom_rp2040.c.obj
                0x20000488                sf_table
 .bss           0x20000588       0x1c c:/progra~2/gnuarm~1/102021~1.10/bin/../lib/gcc/arm-none-eabi/10.3.1/thumb/v6-m/nofp/crtbegin.o
 .bss.claimed   0x200005a4        0x1 CMakeFiles/car.dir/D_/Learn/C/C/pico-sdk/src/rp2_common/hardware_timer/timer.c.obj
 *fill*         0x200005a5        0x3 
 .bss.configured_freq
                0x200005a8       0x28 CMakeFiles/car.dir/D_/Learn/C/C/pico-sdk/src/rp2_common/hardware_clocks/clocks.c.obj
 .bss.drivers   0x200005d0        0x4 CMakeFiles/car.dir/D_/Learn/C/C/pico-sdk/src/rp2_common/pico_stdio/stdio.c.obj
 .bss.filter    0x200005d4        0x4 CMakeFiles/car.dir/D_/Learn/C/C/pico-sdk/src/rp2_common/pico_stdio/stdio.c.obj
 .bss.lazy_vsnprintf
                0x200005d8        0x4 CMakeFiles/car.dir/D_/Learn/C/C/pico-sdk/src/rp2_common/pico_printf/printf.c.obj
 .bss.pools     0x200005dc       0x10 CMakeFiles/car.dir/D_/Learn/C/C/pico-sdk/src/common/pico_time/time.c.obj
 .bss.sf_clz_func
                0x200005ec        0x4 CMakeFiles/car.dir/D_/Learn/C/C/pico-sdk/src/rp2_common/pico_double/double_init_rom_rp2040.c.obj
                0x200005ec                sf_clz_func
 .bss.sleep_notifier
                0x200005f0        0x4 CMakeFiles/car.dir/D_/Learn/C/C/pico-sdk/src/common/pico_time/time.c.obj
 .bss.uart_char_to_line_feed
                0x200005f4        0x4 CMakeFiles/car.dir/D_/Learn/C/C/pico-sdk/src/rp2_common/hardware_uart/uart.c.obj
                0x200005f4                uart_char_to_line_feed
 .bss.currentDirection
                0x200005f8        0x1 CMakeFiles/car.dir/car.c.obj
                0x200005f8                currentDirection
 .bss.currentMotorState
                0x200005f9        0x1 CMakeFiles/car.dir/car.c.obj
 .bss.requestedMotorState
                0x200005fa        0x1 CMakeFiles/car.dir/car.c.obj
                0x200005fa                requestedMotorState
 *(COMMON)
                0x200005fc                . = ALIGN (0x4)
 *fill*         0x200005fb        0x1 
                0x200005fc                __bss_end__ = .

.heap           0x200005fc      0x800 load address 0x10002094
                0x200005fc                __end__ = .
                0x200005fc                end = __end__
 *(.heap*)
 .heap          0x200005fc      0x800 CMakeFiles/car.dir/D_/Learn/C/C/pico-sdk/src/rp2_common/pico_crt0/crt0.S.obj
                0x20040000                __HeapLimit = (ORIGIN (RAM) + LENGTH (RAM))

.scratch_x      0x20040000        0x0 load address 0x10002094
                0x20040000                __scratch_x_start__ = .
 *(.scratch_x.*)
                0x20040000                . = ALIGN (0x4)
                0x20040000                __scratch_x_end__ = .
                0x10002094                __scratch_x_source__ = LOADADDR (.scratch_x)

.scratch_y      0x20041000        0x0 load address 0x10002094
                0x20041000                __scratch_y_start__ = .
 *(.scratch_y.*)
                0x20041000                . = ALIGN (0x4)
                0x20041000                __scratch_y_end__ = .
                0x10002094                __scratch_y_source__ = LOADADDR (.scratch_y)

.stack1_dummy   0x20040000        0x0
 *(.stack1*)

.stack_dummy    0x20041000      0x800
 *(.stack*)
 .stack         0x20041000      0x800 CMakeFiles/car.dir/D_/Learn/C/C/pico-sdk/src/rp2_common/pico_crt0/crt0.S.obj

.flash_end      0x10002094        0x0
 *(.embedded_end_block*)
                0x10002094                PROVIDE (__flash_binary_end = .)
                0x20040000                __StackLimit = (ORIGIN (RAM) + LENGTH (RAM))
                0x20041000                __StackOneTop = (ORIGIN (SCRATCH_X) + LENGTH (SCRATCH_X))
                0x20042000                __StackTop = (ORIGIN (SCRATCH_Y) + LENGTH (SCRATCH_Y))
                0x20041000                __StackOneBottom = (__StackOneTop - SIZEOF (.stack1_dummy))
                0x20041800                __StackBottom = (__StackTop - SIZEOF (.stack_dummy))
                0x20042000                PROVIDE (__stack = __StackTop)
                [!provide]                PROVIDE (__heap_start = __end__)
                [!provide]                PROVIDE (__heap_end = __HeapLimit)
                [!provide]                PROVIDE (__tls_align = MAX (ALIGNOF (.tdata), ALIGNOF (.tbss)))
                [!provide]                PROVIDE (__tls_size_align = (((__tls_size + __tls_align) - 0x1) & ~ ((__tls_align - 0x1))))
                [!provide]                PROVIDE (__arm32_tls_tcb_offset = MAX (0x8, __tls_align))
                [!provide]                PROVIDE (_end = __end__)
                [!provide]                PROVIDE (__llvm_libc_heap_limit = __HeapLimit)
                0x00000001                ASSERT ((__StackLimit >= __HeapLimit), region RAM overflowed)
                0x00000001                ASSERT (((__binary_info_header_end - __logical_binary_start) <= 0x100), Binary info must be in first 256 bytes of the binary)
LOAD CMakeFiles/car.dir/car.c.obj
LOAD CMakeFiles/car.dir/D_/Learn/C/C/pico-sdk/src/rp2_common/pico_stdlib/stdlib.c.obj
LOAD CMakeFiles/car.dir/D_/Learn/C/C/pico-sdk/src/rp2_common/hardware_gpio/gpio.c.obj
LOAD CMakeFiles/car.dir/D_/Learn/C/C/pico-sdk/src/rp2040/pico_platform/platform.c.obj
LOAD CMakeFiles/car.dir/D_/Learn/C/C/pico-sdk/src/rp2_common/pico_platform_panic/panic.c.obj
LOAD CMakeFiles/car.dir/D_/Learn/C/C/pico-sdk/src/common/hardware_claim/claim.c.obj
LOAD CMakeFiles/car.dir/D_/Learn/C/C/pico-sdk/src/rp2_common/hardware_sync/sync.c.obj
LOAD CMakeFiles/car.dir/D_/Learn/C/C/pico-sdk/src/rp2_common/hardware_sync_spin_lock/sync_spin_lock.c.obj
LOAD CMakeFiles/car.dir/D_/Learn/C/C/pico-sdk/src/rp2_common/hardware_irq/irq.c.obj
LOAD CMakeFiles/car.dir/D_/Learn/C/C/pico-sdk/src/rp2_common/hardware_irq/irq_handler_chain.S.obj
LOAD CMakeFiles/car.dir/D_/Learn/C/C/pico-sdk/src/common/pico_sync/sem.c.obj
LOAD CMakeFiles/car.dir/D_/Learn/C/C/pico-sdk/src/common/pico_sync/lock_core.c.obj
LOAD CMakeFiles/car.dir/D_/Learn/C/C/pico-sdk/src/common/pico_sync/mutex.c.obj
LOAD CMakeFiles/car.dir/D_/Learn/C/C/pico-sdk/src/common/pico_sync/critical_section.c.obj
LOAD CMakeFiles/car.dir/D_/Learn/C/C/pico-sdk/src/common/pico_time/time.c.obj
LOAD CMakeFiles/car.dir/D_/Learn/C/C/pico-sdk/src/common/pico_time/timeout_helper.c.obj
LOAD CMakeFiles/car.dir/D_/Learn/C/C/pico-sdk/src/rp2_common/hardware_timer/timer.c.obj
LOAD CMakeFiles/car.dir/D_/Learn/C/C/pico-sdk/src/common/pico_util/datetime.c.obj
LOAD CMakeFiles/car.dir/D_/Learn/C/C/pico-sdk/src/common/pico_util/pheap.c.obj
LOAD CMakeFiles/car.dir/D_/Learn/C/C/pico-sdk/src/common/pico_util/queue.c.obj
LOAD CMakeFiles/car.dir/D_/Learn/C/C/pico-sdk/src/rp2_common/hardware_uart/uart.c.obj
LOAD CMakeFiles/car.dir/D_/Learn/C/C/pico-sdk/src/rp2_common/hardware_clocks/clocks.c.obj
LOAD CMakeFiles/car.dir/D_/Learn/C/C/pico-sdk/src/rp2_common/hardware_pll/pll.c.obj
LOAD CMakeFiles/car.dir/D_/Learn/C/C/pico-sdk/src/rp2_common/hardware_vreg/vreg.c.obj
LOAD CMakeFiles/car.dir/D_/Learn/C/C/pico-sdk/src/rp2_common/hardware_watchdog/watchdog.c.obj
LOAD CMakeFiles/car.dir/D_/Learn/C/C/pico-sdk/src/rp2_common/hardware_ticks/ticks.c.obj
LOAD CMakeFiles/car.dir/D_/Learn/C/C/pico-sdk/src/rp2_common/pico_bootrom/bootrom.c.obj
LOAD CMakeFiles/car.dir/D_/Learn/C/C/pico-sdk/src/rp2_common/pico_bootrom/bootrom_lock.c.obj
LOAD CMakeFiles/car.dir/D_/Learn/C/C/pico-sdk/src/rp2_common/hardware_boot_lock/boot_lock.c.obj
LOAD CMakeFiles/car.dir/D_/Learn/C/C/pico-sdk/src/rp2_common/pico_flash/flash.c.obj
LOAD CMakeFiles/car.dir/D_/Learn/C/C/pico-sdk/src/rp2_common/hardware_xosc/xosc.c.obj
LOAD CMakeFiles/car.dir/D_/Learn/C/C/pico-sdk/src/rp2_common/hardware_divider/divider.S.obj
LOAD CMakeFiles/car.dir/D_/Learn/C/C/pico-sdk/src/rp2_common/pico_runtime/runtime.c.obj
LOAD CMakeFiles/car.dir/D_/Learn/C/C/pico-sdk/src/rp2_common/pico_runtime_init/runtime_init.c.obj
LOAD CMakeFiles/car.dir/D_/Learn/C/C/pico-sdk/src/rp2_common/pico_runtime_init/runtime_init_clocks.c.obj
LOAD CMakeFiles/car.dir/D_/Learn/C/C/pico-sdk/src/rp2_common/pico_runtime_init/runtime_init_stack_guard.c.obj
LOAD CMakeFiles/car.dir/D_/Learn/C/C/pico-sdk/src/rp2_common/pico_bit_ops/bit_ops_aeabi.S.obj
LOAD CMakeFiles/car.dir/D_/Learn/C/C/pico-sdk/src/rp2_common/pico_divider/divider_hardware.S.obj
LOAD CMakeFiles/car.dir/D_/Learn/C/C/pico-sdk/src/rp2_common/pico_double/double_aeabi_rp2040.S.obj
LOAD CMakeFiles/car.dir/D_/Learn/C/C/pico-sdk/src/rp2_common/pico_double/double_init_rom_rp2040.c.obj
LOAD CMakeFiles/car.dir/D_/Learn/C/C/pico-sdk/src/rp2_common/pico_double/double_math.c.obj
LOAD CMakeFiles/car.dir/D_/Learn/C/C/pico-sdk/src/rp2_common/pico_double/double_v1_rom_shim_rp2040.S.obj
LOAD CMakeFiles/car.dir/D_/Learn/C/C/pico-sdk/src/rp2_common/pico_int64_ops/pico_int64_ops_aeabi.S.obj
LOAD CMakeFiles/car.dir/D_/Learn/C/C/pico-sdk/src/rp2_common/pico_float/float_aeabi_rp2040.S.obj
LOAD CMakeFiles/car.dir/D_/Learn/C/C/pico-sdk/src/rp2_common/pico_float/float_init_rom_rp2040.c.obj
LOAD CMakeFiles/car.dir/D_/Learn/C/C/pico-sdk/src/rp2_common/pico_float/float_math.c.obj
LOAD CMakeFiles/car.dir/D_/Learn/C/C/pico-sdk/src/rp2_common/pico_float/float_v1_rom_shim_rp2040.S.obj
LOAD CMakeFiles/car.dir/D_/Learn/C/C/pico-sdk/src/rp2_common/pico_malloc/malloc.c.obj
LOAD CMakeFiles/car.dir/D_/Learn/C/C/pico-sdk/src/rp2_common/pico_mem_ops/mem_ops_aeabi.S.obj
LOAD CMakeFiles/car.dir/D_/Learn/C/C/pico-sdk/src/rp2_common/pico_atomic/atomic.c.obj
LOAD CMakeFiles/car.dir/D_/Learn/C/C/pico-sdk/src/rp2_common/pico_cxx_options/new_delete.cpp.obj
LOAD CMakeFiles/car.dir/D_/Learn/C/C/pico-sdk/src/rp2_common/pico_standard_binary_info/standard_binary_info.c.obj
LOAD CMakeFiles/car.dir/D_/Learn/C/C/pico-sdk/src/rp2_common/pico_printf/printf.c.obj
LOAD CMakeFiles/car.dir/D_/Learn/C/C/pico-sdk/src/rp2_common/pico_crt0/crt0.S.obj
LOAD CMakeFiles/car.dir/D_/Learn/C/C/pico-sdk/src/rp2_common/pico_clib_interface/newlib_interface.c.obj
LOAD CMakeFiles/car.dir/D_/Learn/C/C/pico-sdk/src/rp2_common/pico_stdio/stdio.c.obj
LOAD CMakeFiles/car.dir/D_/Learn/C/C/pico-sdk/src/rp2_common/pico_stdio_uart/stdio_uart.c.obj
LOAD pico-sdk\src\rp2040\boot_stage2\CMakeFiles\bs2_default_library.dir\bs2_default_padded_checksummed.S.obj
LOAD c:/progra~2/gnuarm~1/102021~1.10/bin/../lib/gcc/arm-none-eabi/10.3.1/../../../../arm-none-eabi/lib/thumb/v6-m/nofp\libstdc++.a
LOAD c:/progra~2/gnuarm~1/102021~1.10/bin/../lib/gcc/arm-none-eabi/10.3.1/../../../../arm-none-eabi/lib/thumb/v6-m/nofp\libm.a
START GROUP
LOAD c:/progra~2/gnuarm~1/102021~1.10/bin/../lib/gcc/arm-none-eabi/10.3.1/thumb/v6-m/nofp\libgcc.a
LOAD c:/progra~2/gnuarm~1/102021~1.10/bin/../lib/gcc/arm-none-eabi/10.3.1/../../../../arm-none-eabi/lib/thumb/v6-m/nofp\libg.a
LOAD c:/progra~2/gnuarm~1/102021~1.10/bin/../lib/gcc/arm-none-eabi/10.3.1/../../../../arm-none-eabi/lib/thumb/v6-m/nofp\libc.a
END GROUP
START GROUP
LOAD c:/progra~2/gnuarm~1/102021~1.10/bin/../lib/gcc/arm-none-eabi/10.3.1/thumb/v6-m/nofp\libgcc.a
LOAD c:/progra~2/gnuarm~1/102021~1.10/bin/../lib/gcc/arm-none-eabi/10.3.1/../../../../arm-none-eabi/lib/thumb/v6-m/nofp\libc.a
LOAD c:/progra~2/gnuarm~1/102021~1.10/bin/../lib/gcc/arm-none-eabi/10.3.1/../../../../arm-none-eabi/lib/thumb/v6-m/nofp\libnosys.a
END GROUP
LOAD c:/progra~2/gnuarm~1/102021~1.10/bin/../lib/gcc/arm-none-eabi/10.3.1/thumb/v6-m/nofp/crtend.o
LOAD c:/progra~2/gnuarm~1/102021~1.10/bin/../lib/gcc/arm-none-eabi/10.3.1/thumb/v6-m/nofp/crtn.o
OUTPUT(car.elf elf32-littlearm)
LOAD linker stubs

.ARM.attributes
                0x00000000       0x28
 .ARM.attributes
                0x00000000       0x1e c:/progra~2/gnuarm~1/102021~1.10/bin/../lib/gcc/arm-none-eabi/10.3.1/thumb/v6-m/nofp/crti.o
 .ARM.attributes
                0x0000001e       0x2c c:/progra~2/gnuarm~1/102021~1.10/bin/../lib/gcc/arm-none-eabi/10.3.1/thumb/v6-m/nofp/crtbegin.o
 .ARM.attributes
                0x0000004a       0x2c CMakeFiles/car.dir/car.c.obj
 .ARM.attributes
                0x00000076       0x2c CMakeFiles/car.dir/D_/Learn/C/C/pico-sdk/src/rp2_common/hardware_gpio/gpio.c.obj
 .ARM.attributes
                0x000000a2       0x2c CMakeFiles/car.dir/D_/Learn/C/C/pico-sdk/src/rp2_common/pico_platform_panic/panic.c.obj
 .ARM.attributes
                0x000000ce       0x2c CMakeFiles/car.dir/D_/Learn/C/C/pico-sdk/src/common/hardware_claim/claim.c.obj
 .ARM.attributes
                0x000000fa       0x2c CMakeFiles/car.dir/D_/Learn/C/C/pico-sdk/src/rp2_common/hardware_sync/sync.c.obj
 .ARM.attributes
                0x00000126       0x2c CMakeFiles/car.dir/D_/Learn/C/C/pico-sdk/src/rp2_common/hardware_sync_spin_lock/sync_spin_lock.c.obj
 .ARM.attributes
                0x00000152       0x2c CMakeFiles/car.dir/D_/Learn/C/C/pico-sdk/src/rp2_common/hardware_irq/irq.c.obj
 .ARM.attributes
                0x0000017e       0x2c CMakeFiles/car.dir/D_/Learn/C/C/pico-sdk/src/common/pico_sync/lock_core.c.obj
 .ARM.attributes
                0x000001aa       0x2c CMakeFiles/car.dir/D_/Learn/C/C/pico-sdk/src/common/pico_sync/mutex.c.obj
 .ARM.attributes
                0x000001d6       0x2c CMakeFiles/car.dir/D_/Learn/C/C/pico-sdk/src/common/pico_time/time.c.obj
 .ARM.attributes
                0x00000202       0x2c CMakeFiles/car.dir/D_/Learn/C/C/pico-sdk/src/rp2_common/hardware_timer/timer.c.obj
 .ARM.attributes
                0x0000022e       0x2c CMakeFiles/car.dir/D_/Learn/C/C/pico-sdk/src/rp2_common/hardware_uart/uart.c.obj
 .ARM.attributes
                0x0000025a       0x2c CMakeFiles/car.dir/D_/Learn/C/C/pico-sdk/src/rp2_common/hardware_clocks/clocks.c.obj
 .ARM.attributes
                0x00000286       0x2c CMakeFiles/car.dir/D_/Learn/C/C/pico-sdk/src/rp2_common/hardware_pll/pll.c.obj
 .ARM.attributes
                0x000002b2       0x2c CMakeFiles/car.dir/D_/Learn/C/C/pico-sdk/src/rp2_common/hardware_ticks/ticks.c.obj
 .ARM.attributes
                0x000002de       0x2c CMakeFiles/car.dir/D_/Learn/C/C/pico-sdk/src/rp2_common/pico_bootrom/bootrom.c.obj
 .ARM.attributes
                0x0000030a       0x2c CMakeFiles/car.dir/D_/Learn/C/C/pico-sdk/src/rp2_common/hardware_xosc/xosc.c.obj
 .ARM.attributes
                0x00000336       0x2c CMakeFiles/car.dir/D_/Learn/C/C/pico-sdk/src/rp2_common/pico_runtime/runtime.c.obj
 .ARM.attributes
                0x00000362       0x2c CMakeFiles/car.dir/D_/Learn/C/C/pico-sdk/src/rp2_common/pico_runtime_init/runtime_init.c.obj
 .ARM.attributes
                0x0000038e       0x2c CMakeFiles/car.dir/D_/Learn/C/C/pico-sdk/src/rp2_common/pico_runtime_init/runtime_init_clocks.c.obj
 .ARM.attributes
                0x000003ba       0x22 CMakeFiles/car.dir/D_/Learn/C/C/pico-sdk/src/rp2_common/pico_bit_ops/bit_ops_aeabi.S.obj
 .ARM.attributes
                0x000003dc       0x22 CMakeFiles/car.dir/D_/Learn/C/C/pico-sdk/src/rp2_common/pico_divider/divider_hardware.S.obj
 .ARM.attributes
                0x000003fe       0x22 CMakeFiles/car.dir/D_/Learn/C/C/pico-sdk/src/rp2_common/pico_double/double_aeabi_rp2040.S.obj
 .ARM.attributes
                0x00000420       0x2c CMakeFiles/car.dir/D_/Learn/C/C/pico-sdk/src/rp2_common/pico_double/double_init_rom_rp2040.c.obj
 .ARM.attributes
                0x0000044c       0x22 CMakeFiles/car.dir/D_/Learn/C/C/pico-sdk/src/rp2_common/pico_double/double_v1_rom_shim_rp2040.S.obj
 .ARM.attributes
                0x0000046e       0x22 CMakeFiles/car.dir/D_/Learn/C/C/pico-sdk/src/rp2_common/pico_int64_ops/pico_int64_ops_aeabi.S.obj
 .ARM.attributes
                0x00000490       0x22 CMakeFiles/car.dir/D_/Learn/C/C/pico-sdk/src/rp2_common/pico_float/float_aeabi_rp2040.S.obj
 .ARM.attributes
                0x000004b2       0x2c CMakeFiles/car.dir/D_/Learn/C/C/pico-sdk/src/rp2_common/pico_float/float_init_rom_rp2040.c.obj
 .ARM.attributes
                0x000004de       0x22 CMakeFiles/car.dir/D_/Learn/C/C/pico-sdk/src/rp2_common/pico_float/float_v1_rom_shim_rp2040.S.obj
 .ARM.attributes
                0x00000500       0x22 CMakeFiles/car.dir/D_/Learn/C/C/pico-sdk/src/rp2_common/pico_mem_ops/mem_ops_aeabi.S.obj
 .ARM.attributes
                0x00000522       0x2c CMakeFiles/car.dir/D_/Learn/C/C/pico-sdk/src/rp2_common/pico_standard_binary_info/standard_binary_info.c.obj
 .ARM.attributes
                0x0000054e       0x2c CMakeFiles/car.dir/D_/Learn/C/C/pico-sdk/src/rp2_common/pico_printf/printf.c.obj
 .ARM.attributes
                0x0000057a       0x22 CMakeFiles/car.dir/D_/Learn/C/C/pico-sdk/src/rp2_common/pico_crt0/crt0.S.obj
 .ARM.attributes
                0x0000059c       0x2c CMakeFiles/car.dir/D_/Learn/C/C/pico-sdk/src/rp2_common/pico_clib_interface/newlib_interface.c.obj
 .ARM.attributes
                0x000005c8       0x2c CMakeFiles/car.dir/D_/Learn/C/C/pico-sdk/src/rp2_common/pico_stdio/stdio.c.obj
 .ARM.attributes
                0x000005f4       0x22 pico-sdk\src\rp2040\boot_stage2\CMakeFiles\bs2_default_library.dir\bs2_default_padded_checksummed.S.obj
 .ARM.attributes
                0x00000616       0x1e c:/progra~2/gnuarm~1/102021~1.10/bin/../lib/gcc/arm-none-eabi/10.3.1/thumb/v6-m/nofp\libgcc.a(_dvmd_tls.o)
 .ARM.attributes
                0x00000634       0x2c c:/progra~2/gnuarm~1/102021~1.10/bin/../lib/gcc/arm-none-eabi/10.3.1/../../../../arm-none-eabi/lib/thumb/v6-m/nofp\libg.a(lib_a-strlen-stub.o)

.comment        0x00000000       0x49
 .comment       0x00000000       0x49 CMakeFiles/car.dir/car.c.obj
                                 0x4a (size before relaxing)
 .comment       0x00000049       0x4a CMakeFiles/car.dir/D_/Learn/C/C/pico-sdk/src/rp2_common/hardware_gpio/gpio.c.obj
 .comment       0x00000049       0x4a CMakeFiles/car.dir/D_/Learn/C/C/pico-sdk/src/rp2_common/pico_platform_panic/panic.c.obj
 .comment       0x00000049       0x4a CMakeFiles/car.dir/D_/Learn/C/C/pico-sdk/src/common/hardware_claim/claim.c.obj
 .comment       0x00000049       0x4a CMakeFiles/car.dir/D_/Learn/C/C/pico-sdk/src/rp2_common/hardware_sync/sync.c.obj
 .comment       0x00000049       0x4a CMakeFiles/car.dir/D_/Learn/C/C/pico-sdk/src/rp2_common/hardware_sync_spin_lock/sync_spin_lock.c.obj
 .comment       0x00000049       0x4a CMakeFiles/car.dir/D_/Learn/C/C/pico-sdk/src/rp2_common/hardware_irq/irq.c.obj
 .comment       0x00000049       0x4a CMakeFiles/car.dir/D_/Learn/C/C/pico-sdk/src/common/pico_sync/lock_core.c.obj
 .comment       0x00000049       0x4a CMakeFiles/car.dir/D_/Learn/C/C/pico-sdk/src/common/pico_sync/mutex.c.obj
 .comment       0x00000049       0x4a CMakeFiles/car.dir/D_/Learn/C/C/pico-sdk/src/common/pico_time/time.c.obj
 .comment       0x00000049       0x4a CMakeFiles/car.dir/D_/Learn/C/C/pico-sdk/src/rp2_common/hardware_timer/timer.c.obj
 .comment       0x00000049       0x4a CMakeFiles/car.dir/D_/Learn/C/C/pico-sdk/src/rp2_common/hardware_uart/uart.c.obj
 .comment       0x00000049       0x4a CMakeFiles/car.dir/D_/Learn/C/C/pico-sdk/src/rp2_common/hardware_clocks/clocks.c.obj
 .comment       0x00000049       0x4a CMakeFiles/car.dir/D_/Learn/C/C/pico-sdk/src/rp2_common/hardware_pll/pll.c.obj
 .comment       0x00000049       0x4a CMakeFiles/car.dir/D_/Learn/C/C/pico-sdk/src/rp2_common/hardware_ticks/ticks.c.obj
 .comment       0x00000049       0x4a CMakeFiles/car.dir/D_/Learn/C/C/pico-sdk/src/rp2_common/pico_bootrom/bootrom.c.obj
 .comment       0x00000049       0x4a CMakeFiles/car.dir/D_/Learn/C/C/pico-sdk/src/rp2_common/hardware_xosc/xosc.c.obj
 .comment       0x00000049       0x4a CMakeFiles/car.dir/D_/Learn/C/C/pico-sdk/src/rp2_common/pico_runtime/runtime.c.obj
 .comment       0x00000049       0x4a CMakeFiles/car.dir/D_/Learn/C/C/pico-sdk/src/rp2_common/pico_runtime_init/runtime_init.c.obj
 .comment       0x00000049       0x4a CMakeFiles/car.dir/D_/Learn/C/C/pico-sdk/src/rp2_common/pico_runtime_init/runtime_init_clocks.c.obj
 .comment       0x00000049       0x4a CMakeFiles/car.dir/D_/Learn/C/C/pico-sdk/src/rp2_common/pico_double/double_init_rom_rp2040.c.obj
 .comment       0x00000049       0x4a CMakeFiles/car.dir/D_/Learn/C/C/pico-sdk/src/rp2_common/pico_float/float_init_rom_rp2040.c.obj
 .comment       0x00000049       0x4a CMakeFiles/car.dir/D_/Learn/C/C/pico-sdk/src/rp2_common/pico_standard_binary_info/standard_binary_info.c.obj
 .comment       0x00000049       0x4a CMakeFiles/car.dir/D_/Learn/C/C/pico-sdk/src/rp2_common/pico_printf/printf.c.obj
 .comment       0x00000049       0x4a CMakeFiles/car.dir/D_/Learn/C/C/pico-sdk/src/rp2_common/pico_clib_interface/newlib_interface.c.obj
 .comment       0x00000049       0x4a CMakeFiles/car.dir/D_/Learn/C/C/pico-sdk/src/rp2_common/pico_stdio/stdio.c.obj

.debug_info     0x00000000    0x1d445
 .debug_info    0x00000000     0x2408 CMakeFiles/car.dir/car.c.obj
 .debug_info    0x00002408     0x2503 CMakeFiles/car.dir/D_/Learn/C/C/pico-sdk/src/rp2_common/hardware_gpio/gpio.c.obj
 .debug_info    0x0000490b      0x19c CMakeFiles/car.dir/D_/Learn/C/C/pico-sdk/src/rp2_common/pico_platform_panic/panic.c.obj
 .debug_info    0x00004aa7      0xa53 CMakeFiles/car.dir/D_/Learn/C/C/pico-sdk/src/common/hardware_claim/claim.c.obj
 .debug_info    0x000054fa      0x3f5 CMakeFiles/car.dir/D_/Learn/C/C/pico-sdk/src/rp2_common/hardware_sync/sync.c.obj
 .debug_info    0x000058ef      0x24e CMakeFiles/car.dir/D_/Learn/C/C/pico-sdk/src/rp2_common/hardware_sync_spin_lock/sync_spin_lock.c.obj
 .debug_info    0x00005b3d     0x22af CMakeFiles/car.dir/D_/Learn/C/C/pico-sdk/src/rp2_common/hardware_irq/irq.c.obj
 .debug_info    0x00007dec      0x160 CMakeFiles/car.dir/D_/Learn/C/C/pico-sdk/src/common/pico_sync/lock_core.c.obj
 .debug_info    0x00007f4c     0x2ae1 CMakeFiles/car.dir/D_/Learn/C/C/pico-sdk/src/common/pico_sync/mutex.c.obj
 .debug_info    0x0000aa2d     0x49e9 CMakeFiles/car.dir/D_/Learn/C/C/pico-sdk/src/common/pico_time/time.c.obj
 .debug_info    0x0000f416     0x2b00 CMakeFiles/car.dir/D_/Learn/C/C/pico-sdk/src/rp2_common/hardware_timer/timer.c.obj
 .debug_info    0x00011f16     0x19dd CMakeFiles/car.dir/D_/Learn/C/C/pico-sdk/src/rp2_common/hardware_uart/uart.c.obj
 .debug_info    0x000138f3     0x2952 CMakeFiles/car.dir/D_/Learn/C/C/pico-sdk/src/rp2_common/hardware_clocks/clocks.c.obj
 .debug_info    0x00016245      0x511 CMakeFiles/car.dir/D_/Learn/C/C/pico-sdk/src/rp2_common/hardware_pll/pll.c.obj
 .debug_info    0x00016756      0x25a CMakeFiles/car.dir/D_/Learn/C/C/pico-sdk/src/rp2_common/hardware_ticks/ticks.c.obj
 .debug_info    0x000169b0      0x516 CMakeFiles/car.dir/D_/Learn/C/C/pico-sdk/src/rp2_common/pico_bootrom/bootrom.c.obj
 .debug_info    0x00016ec6      0x1e1 CMakeFiles/car.dir/D_/Learn/C/C/pico-sdk/src/rp2_common/hardware_xosc/xosc.c.obj
 .debug_info    0x000170a7      0x214 CMakeFiles/car.dir/D_/Learn/C/C/pico-sdk/src/rp2_common/pico_runtime/runtime.c.obj
 .debug_info    0x000172bb      0x7dc CMakeFiles/car.dir/D_/Learn/C/C/pico-sdk/src/rp2_common/pico_runtime_init/runtime_init.c.obj
 .debug_info    0x00017a97      0x719 CMakeFiles/car.dir/D_/Learn/C/C/pico-sdk/src/rp2_common/pico_runtime_init/runtime_init_clocks.c.obj
 .debug_info    0x000181b0       0x22 CMakeFiles/car.dir/D_/Learn/C/C/pico-sdk/src/rp2_common/pico_bit_ops/bit_ops_aeabi.S.obj
 .debug_info    0x000181d2       0x22 CMakeFiles/car.dir/D_/Learn/C/C/pico-sdk/src/rp2_common/pico_divider/divider_hardware.S.obj
 .debug_info    0x000181f4       0x22 CMakeFiles/car.dir/D_/Learn/C/C/pico-sdk/src/rp2_common/pico_double/double_aeabi_rp2040.S.obj
 .debug_info    0x00018216      0x23c CMakeFiles/car.dir/D_/Learn/C/C/pico-sdk/src/rp2_common/pico_double/double_init_rom_rp2040.c.obj
 .debug_info    0x00018452       0x22 CMakeFiles/car.dir/D_/Learn/C/C/pico-sdk/src/rp2_common/pico_double/double_v1_rom_shim_rp2040.S.obj
 .debug_info    0x00018474       0x26 CMakeFiles/car.dir/D_/Learn/C/C/pico-sdk/src/rp2_common/pico_int64_ops/pico_int64_ops_aeabi.S.obj
 .debug_info    0x0001849a       0x22 CMakeFiles/car.dir/D_/Learn/C/C/pico-sdk/src/rp2_common/pico_float/float_aeabi_rp2040.S.obj
 .debug_info    0x000184bc      0x246 CMakeFiles/car.dir/D_/Learn/C/C/pico-sdk/src/rp2_common/pico_float/float_init_rom_rp2040.c.obj
 .debug_info    0x00018702       0x22 CMakeFiles/car.dir/D_/Learn/C/C/pico-sdk/src/rp2_common/pico_float/float_v1_rom_shim_rp2040.S.obj
 .debug_info    0x00018724       0x22 CMakeFiles/car.dir/D_/Learn/C/C/pico-sdk/src/rp2_common/pico_mem_ops/mem_ops_aeabi.S.obj
 .debug_info    0x00018746      0x2fb CMakeFiles/car.dir/D_/Learn/C/C/pico-sdk/src/rp2_common/pico_standard_binary_info/standard_binary_info.c.obj
 .debug_info    0x00018a41     0x21c9 CMakeFiles/car.dir/D_/Learn/C/C/pico-sdk/src/rp2_common/pico_printf/printf.c.obj
 .debug_info    0x0001ac0a       0x22 CMakeFiles/car.dir/D_/Learn/C/C/pico-sdk/src/rp2_common/pico_crt0/crt0.S.obj
 .debug_info    0x0001ac2c      0xb4e CMakeFiles/car.dir/D_/Learn/C/C/pico-sdk/src/rp2_common/pico_clib_interface/newlib_interface.c.obj
 .debug_info    0x0001b77a     0x1ccb CMakeFiles/car.dir/D_/Learn/C/C/pico-sdk/src/rp2_common/pico_stdio/stdio.c.obj

.debug_abbrev   0x00000000     0x4a83
 .debug_abbrev  0x00000000      0x43b CMakeFiles/car.dir/car.c.obj
 .debug_abbrev  0x0000043b      0x4b6 CMakeFiles/car.dir/D_/Learn/C/C/pico-sdk/src/rp2_common/hardware_gpio/gpio.c.obj
 .debug_abbrev  0x000008f1       0xf4 CMakeFiles/car.dir/D_/Learn/C/C/pico-sdk/src/rp2_common/pico_platform_panic/panic.c.obj
 .debug_abbrev  0x000009e5      0x2d3 CMakeFiles/car.dir/D_/Learn/C/C/pico-sdk/src/common/hardware_claim/claim.c.obj
 .debug_abbrev  0x00000cb8      0x1de CMakeFiles/car.dir/D_/Learn/C/C/pico-sdk/src/rp2_common/hardware_sync/sync.c.obj
 .debug_abbrev  0x00000e96      0x1b2 CMakeFiles/car.dir/D_/Learn/C/C/pico-sdk/src/rp2_common/hardware_sync_spin_lock/sync_spin_lock.c.obj
 .debug_abbrev  0x00001048      0x588 CMakeFiles/car.dir/D_/Learn/C/C/pico-sdk/src/rp2_common/hardware_irq/irq.c.obj
 .debug_abbrev  0x000015d0       0xee CMakeFiles/car.dir/D_/Learn/C/C/pico-sdk/src/common/pico_sync/lock_core.c.obj
 .debug_abbrev  0x000016be      0x413 CMakeFiles/car.dir/D_/Learn/C/C/pico-sdk/src/common/pico_sync/mutex.c.obj
 .debug_abbrev  0x00001ad1      0x606 CMakeFiles/car.dir/D_/Learn/C/C/pico-sdk/src/common/pico_time/time.c.obj
 .debug_abbrev  0x000020d7      0x49d CMakeFiles/car.dir/D_/Learn/C/C/pico-sdk/src/rp2_common/hardware_timer/timer.c.obj
 .debug_abbrev  0x00002574      0x315 CMakeFiles/car.dir/D_/Learn/C/C/pico-sdk/src/rp2_common/hardware_uart/uart.c.obj
 .debug_abbrev  0x00002889      0x49f CMakeFiles/car.dir/D_/Learn/C/C/pico-sdk/src/rp2_common/hardware_clocks/clocks.c.obj
 .debug_abbrev  0x00002d28      0x1c6 CMakeFiles/car.dir/D_/Learn/C/C/pico-sdk/src/rp2_common/hardware_pll/pll.c.obj
 .debug_abbrev  0x00002eee      0x141 CMakeFiles/car.dir/D_/Learn/C/C/pico-sdk/src/rp2_common/hardware_ticks/ticks.c.obj
 .debug_abbrev  0x0000302f      0x1ba CMakeFiles/car.dir/D_/Learn/C/C/pico-sdk/src/rp2_common/pico_bootrom/bootrom.c.obj
 .debug_abbrev  0x000031e9      0x11a CMakeFiles/car.dir/D_/Learn/C/C/pico-sdk/src/rp2_common/hardware_xosc/xosc.c.obj
 .debug_abbrev  0x00003303      0x16c CMakeFiles/car.dir/D_/Learn/C/C/pico-sdk/src/rp2_common/pico_runtime/runtime.c.obj
 .debug_abbrev  0x0000346f      0x20c CMakeFiles/car.dir/D_/Learn/C/C/pico-sdk/src/rp2_common/pico_runtime_init/runtime_init.c.obj
 .debug_abbrev  0x0000367b      0x246 CMakeFiles/car.dir/D_/Learn/C/C/pico-sdk/src/rp2_common/pico_runtime_init/runtime_init_clocks.c.obj
 .debug_abbrev  0x000038c1       0x12 CMakeFiles/car.dir/D_/Learn/C/C/pico-sdk/src/rp2_common/pico_bit_ops/bit_ops_aeabi.S.obj
 .debug_abbrev  0x000038d3       0x12 CMakeFiles/car.dir/D_/Learn/C/C/pico-sdk/src/rp2_common/pico_divider/divider_hardware.S.obj
 .debug_abbrev  0x000038e5       0x12 CMakeFiles/car.dir/D_/Learn/C/C/pico-sdk/src/rp2_common/pico_double/double_aeabi_rp2040.S.obj
 .debug_abbrev  0x000038f7      0x15c CMakeFiles/car.dir/D_/Learn/C/C/pico-sdk/src/rp2_common/pico_double/double_init_rom_rp2040.c.obj
 .debug_abbrev  0x00003a53       0x12 CMakeFiles/car.dir/D_/Learn/C/C/pico-sdk/src/rp2_common/pico_double/double_v1_rom_shim_rp2040.S.obj
 .debug_abbrev  0x00003a65       0x14 CMakeFiles/car.dir/D_/Learn/C/C/pico-sdk/src/rp2_common/pico_int64_ops/pico_int64_ops_aeabi.S.obj
 .debug_abbrev  0x00003a79       0x12 CMakeFiles/car.dir/D_/Learn/C/C/pico-sdk/src/rp2_common/pico_float/float_aeabi_rp2040.S.obj
 .debug_abbrev  0x00003a8b      0x15c CMakeFiles/car.dir/D_/Learn/C/C/pico-sdk/src/rp2_common/pico_float/float_init_rom_rp2040.c.obj
 .debug_abbrev  0x00003be7       0x12 CMakeFiles/car.dir/D_/Learn/C/C/pico-sdk/src/rp2_common/pico_float/float_v1_rom_shim_rp2040.S.obj
 .debug_abbrev  0x00003bf9       0x12 CMakeFiles/car.dir/D_/Learn/C/C/pico-sdk/src/rp2_common/pico_mem_ops/mem_ops_aeabi.S.obj
 .debug_abbrev  0x00003c0b       0xad CMakeFiles/car.dir/D_/Learn/C/C/pico-sdk/src/rp2_common/pico_standard_binary_info/standard_binary_info.c.obj
 .debug_abbrev  0x00003cb8      0x517 CMakeFiles/car.dir/D_/Learn/C/C/pico-sdk/src/rp2_common/pico_printf/printf.c.obj
 .debug_abbrev  0x000041cf       0x12 CMakeFiles/car.dir/D_/Learn/C/C/pico-sdk/src/rp2_common/pico_crt0/crt0.S.obj
 .debug_abbrev  0x000041e1      0x315 CMakeFiles/car.dir/D_/Learn/C/C/pico-sdk/src/rp2_common/pico_clib_interface/newlib_interface.c.obj
 .debug_abbrev  0x000044f6      0x58d CMakeFiles/car.dir/D_/Learn/C/C/pico-sdk/src/rp2_common/pico_stdio/stdio.c.obj

.debug_loc      0x00000000    0x1871a
 .debug_loc     0x00000000      0xd4b CMakeFiles/car.dir/car.c.obj
 .debug_loc     0x00000d4b     0x2956 CMakeFiles/car.dir/D_/Learn/C/C/pico-sdk/src/rp2_common/hardware_gpio/gpio.c.obj
 .debug_loc     0x000036a1      0x6c7 CMakeFiles/car.dir/D_/Learn/C/C/pico-sdk/src/common/hardware_claim/claim.c.obj
 .debug_loc     0x00003d68      0x154 CMakeFiles/car.dir/D_/Learn/C/C/pico-sdk/src/rp2_common/hardware_sync/sync.c.obj
 .debug_loc     0x00003ebc       0xb5 CMakeFiles/car.dir/D_/Learn/C/C/pico-sdk/src/rp2_common/hardware_sync_spin_lock/sync_spin_lock.c.obj
 .debug_loc     0x00003f71     0x1b95 CMakeFiles/car.dir/D_/Learn/C/C/pico-sdk/src/rp2_common/hardware_irq/irq.c.obj
 .debug_loc     0x00005b06       0x4d CMakeFiles/car.dir/D_/Learn/C/C/pico-sdk/src/common/pico_sync/lock_core.c.obj
 .debug_loc     0x00005b53     0x1b8e CMakeFiles/car.dir/D_/Learn/C/C/pico-sdk/src/common/pico_sync/mutex.c.obj
 .debug_loc     0x000076e1     0x3f96 CMakeFiles/car.dir/D_/Learn/C/C/pico-sdk/src/common/pico_time/time.c.obj
 .debug_loc     0x0000b677     0x2542 CMakeFiles/car.dir/D_/Learn/C/C/pico-sdk/src/rp2_common/hardware_timer/timer.c.obj
 .debug_loc     0x0000dbb9     0x1476 CMakeFiles/car.dir/D_/Learn/C/C/pico-sdk/src/rp2_common/hardware_uart/uart.c.obj
 .debug_loc     0x0000f02f     0x3476 CMakeFiles/car.dir/D_/Learn/C/C/pico-sdk/src/rp2_common/hardware_clocks/clocks.c.obj
 .debug_loc     0x000124a5      0x28f CMakeFiles/car.dir/D_/Learn/C/C/pico-sdk/src/rp2_common/hardware_pll/pll.c.obj
 .debug_loc     0x00012734       0x57 CMakeFiles/car.dir/D_/Learn/C/C/pico-sdk/src/rp2_common/hardware_ticks/ticks.c.obj
 .debug_loc     0x0001278b      0x4bb CMakeFiles/car.dir/D_/Learn/C/C/pico-sdk/src/rp2_common/pico_bootrom/bootrom.c.obj
 .debug_loc     0x00012c46       0x71 CMakeFiles/car.dir/D_/Learn/C/C/pico-sdk/src/rp2_common/hardware_xosc/xosc.c.obj
 .debug_loc     0x00012cb7       0xbc CMakeFiles/car.dir/D_/Learn/C/C/pico-sdk/src/rp2_common/pico_runtime/runtime.c.obj
 .debug_loc     0x00012d73      0x11c CMakeFiles/car.dir/D_/Learn/C/C/pico-sdk/src/rp2_common/pico_runtime_init/runtime_init.c.obj
 .debug_loc     0x00012e8f       0xa7 CMakeFiles/car.dir/D_/Learn/C/C/pico-sdk/src/rp2_common/pico_runtime_init/runtime_init_clocks.c.obj
 .debug_loc     0x00012f36       0x44 CMakeFiles/car.dir/D_/Learn/C/C/pico-sdk/src/rp2_common/pico_double/double_init_rom_rp2040.c.obj
 .debug_loc     0x00012f7a       0x82 CMakeFiles/car.dir/D_/Learn/C/C/pico-sdk/src/rp2_common/pico_float/float_init_rom_rp2040.c.obj
 .debug_loc     0x00012ffc     0x3c08 CMakeFiles/car.dir/D_/Learn/C/C/pico-sdk/src/rp2_common/pico_printf/printf.c.obj
 .debug_loc     0x00016c04      0x5b1 CMakeFiles/car.dir/D_/Learn/C/C/pico-sdk/src/rp2_common/pico_clib_interface/newlib_interface.c.obj
 .debug_loc     0x000171b5     0x1565 CMakeFiles/car.dir/D_/Learn/C/C/pico-sdk/src/rp2_common/pico_stdio/stdio.c.obj

.debug_aranges  0x00000000      0xed0
 .debug_aranges
                0x00000000       0x30 CMakeFiles/car.dir/car.c.obj
 .debug_aranges
                0x00000030      0x120 CMakeFiles/car.dir/D_/Learn/C/C/pico-sdk/src/rp2_common/hardware_gpio/gpio.c.obj
 .debug_aranges
                0x00000150       0x28 CMakeFiles/car.dir/D_/Learn/C/C/pico-sdk/src/rp2_common/pico_platform_panic/panic.c.obj
 .debug_aranges
                0x00000178       0x48 CMakeFiles/car.dir/D_/Learn/C/C/pico-sdk/src/common/hardware_claim/claim.c.obj
 .debug_aranges
                0x000001c0       0x48 CMakeFiles/car.dir/D_/Learn/C/C/pico-sdk/src/rp2_common/hardware_sync/sync.c.obj
 .debug_aranges
                0x00000208       0x28 CMakeFiles/car.dir/D_/Learn/C/C/pico-sdk/src/rp2_common/hardware_sync_spin_lock/sync_spin_lock.c.obj
 .debug_aranges
                0x00000230       0xb8 CMakeFiles/car.dir/D_/Learn/C/C/pico-sdk/src/rp2_common/hardware_irq/irq.c.obj
 .debug_aranges
                0x000002e8       0x20 CMakeFiles/car.dir/D_/Learn/C/C/pico-sdk/src/common/pico_sync/lock_core.c.obj
 .debug_aranges
                0x00000308       0x98 CMakeFiles/car.dir/D_/Learn/C/C/pico-sdk/src/common/pico_sync/mutex.c.obj
 .debug_aranges
                0x000003a0       0xe0 CMakeFiles/car.dir/D_/Learn/C/C/pico-sdk/src/common/pico_time/time.c.obj
 .debug_aranges
                0x00000480       0xf0 CMakeFiles/car.dir/D_/Learn/C/C/pico-sdk/src/rp2_common/hardware_timer/timer.c.obj
 .debug_aranges
                0x00000570       0x58 CMakeFiles/car.dir/D_/Learn/C/C/pico-sdk/src/rp2_common/hardware_uart/uart.c.obj
 .debug_aranges
                0x000005c8       0x90 CMakeFiles/car.dir/D_/Learn/C/C/pico-sdk/src/rp2_common/hardware_clocks/clocks.c.obj
 .debug_aranges
                0x00000658       0x28 CMakeFiles/car.dir/D_/Learn/C/C/pico-sdk/src/rp2_common/hardware_pll/pll.c.obj
 .debug_aranges
                0x00000680       0x30 CMakeFiles/car.dir/D_/Learn/C/C/pico-sdk/src/rp2_common/hardware_ticks/ticks.c.obj
 .debug_aranges
                0x000006b0       0x40 CMakeFiles/car.dir/D_/Learn/C/C/pico-sdk/src/rp2_common/pico_bootrom/bootrom.c.obj
 .debug_aranges
                0x000006f0       0x30 CMakeFiles/car.dir/D_/Learn/C/C/pico-sdk/src/rp2_common/hardware_xosc/xosc.c.obj
 .debug_aranges
                0x00000720       0x38 CMakeFiles/car.dir/D_/Learn/C/C/pico-sdk/src/rp2_common/pico_runtime/runtime.c.obj
 .debug_aranges
                0x00000758       0x48 CMakeFiles/car.dir/D_/Learn/C/C/pico-sdk/src/rp2_common/pico_runtime_init/runtime_init.c.obj
 .debug_aranges
                0x000007a0       0x20 CMakeFiles/car.dir/D_/Learn/C/C/pico-sdk/src/rp2_common/pico_runtime_init/runtime_init_clocks.c.obj
 .debug_aranges
                0x000007c0       0x60 CMakeFiles/car.dir/D_/Learn/C/C/pico-sdk/src/rp2_common/pico_bit_ops/bit_ops_aeabi.S.obj
 .debug_aranges
                0x00000820       0x40 CMakeFiles/car.dir/D_/Learn/C/C/pico-sdk/src/rp2_common/pico_divider/divider_hardware.S.obj
 .debug_aranges
                0x00000860      0x150 CMakeFiles/car.dir/D_/Learn/C/C/pico-sdk/src/rp2_common/pico_double/double_aeabi_rp2040.S.obj
 .debug_aranges
                0x000009b0       0x20 CMakeFiles/car.dir/D_/Learn/C/C/pico-sdk/src/rp2_common/pico_double/double_init_rom_rp2040.c.obj
 .debug_aranges
                0x000009d0       0xc8 CMakeFiles/car.dir/D_/Learn/C/C/pico-sdk/src/rp2_common/pico_double/double_v1_rom_shim_rp2040.S.obj
 .debug_aranges
                0x00000a98       0x20 CMakeFiles/car.dir/D_/Learn/C/C/pico-sdk/src/rp2_common/pico_int64_ops/pico_int64_ops_aeabi.S.obj
 .debug_aranges
                0x00000ab8      0x138 CMakeFiles/car.dir/D_/Learn/C/C/pico-sdk/src/rp2_common/pico_float/float_aeabi_rp2040.S.obj
 .debug_aranges
                0x00000bf0       0x20 CMakeFiles/car.dir/D_/Learn/C/C/pico-sdk/src/rp2_common/pico_float/float_init_rom_rp2040.c.obj
 .debug_aranges
                0x00000c10       0x50 CMakeFiles/car.dir/D_/Learn/C/C/pico-sdk/src/rp2_common/pico_float/float_v1_rom_shim_rp2040.S.obj
 .debug_aranges
                0x00000c60       0x38 CMakeFiles/car.dir/D_/Learn/C/C/pico-sdk/src/rp2_common/pico_mem_ops/mem_ops_aeabi.S.obj
 .debug_aranges
                0x00000c98       0x18 CMakeFiles/car.dir/D_/Learn/C/C/pico-sdk/src/rp2_common/pico_standard_binary_info/standard_binary_info.c.obj
 .debug_aranges
                0x00000cb0       0x90 CMakeFiles/car.dir/D_/Learn/C/C/pico-sdk/src/rp2_common/pico_printf/printf.c.obj
 .debug_aranges
                0x00000d40       0x28 CMakeFiles/car.dir/D_/Learn/C/C/pico-sdk/src/rp2_common/pico_crt0/crt0.S.obj
 .debug_aranges
                0x00000d68       0xa0 CMakeFiles/car.dir/D_/Learn/C/C/pico-sdk/src/rp2_common/pico_clib_interface/newlib_interface.c.obj
 .debug_aranges
                0x00000e08       0xc8 CMakeFiles/car.dir/D_/Learn/C/C/pico-sdk/src/rp2_common/pico_stdio/stdio.c.obj

.debug_ranges   0x00000000     0x9168
 .debug_ranges  0x00000000      0x590 CMakeFiles/car.dir/car.c.obj
 .debug_ranges  0x00000590      0xd28 CMakeFiles/car.dir/D_/Learn/C/C/pico-sdk/src/rp2_common/hardware_gpio/gpio.c.obj
 .debug_ranges  0x000012b8       0x18 CMakeFiles/car.dir/D_/Learn/C/C/pico-sdk/src/rp2_common/pico_platform_panic/panic.c.obj
 .debug_ranges  0x000012d0      0x440 CMakeFiles/car.dir/D_/Learn/C/C/pico-sdk/src/common/hardware_claim/claim.c.obj
 .debug_ranges  0x00001710       0xd8 CMakeFiles/car.dir/D_/Learn/C/C/pico-sdk/src/rp2_common/hardware_sync/sync.c.obj
 .debug_ranges  0x000017e8       0xa8 CMakeFiles/car.dir/D_/Learn/C/C/pico-sdk/src/rp2_common/hardware_sync_spin_lock/sync_spin_lock.c.obj
 .debug_ranges  0x00001890      0xa80 CMakeFiles/car.dir/D_/Learn/C/C/pico-sdk/src/rp2_common/hardware_irq/irq.c.obj
 .debug_ranges  0x00002310       0x28 CMakeFiles/car.dir/D_/Learn/C/C/pico-sdk/src/common/pico_sync/lock_core.c.obj
 .debug_ranges  0x00002338     0x16b0 CMakeFiles/car.dir/D_/Learn/C/C/pico-sdk/src/common/pico_sync/mutex.c.obj
 .debug_ranges  0x000039e8     0x1e20 CMakeFiles/car.dir/D_/Learn/C/C/pico-sdk/src/common/pico_time/time.c.obj
 .debug_ranges  0x00005808      0xe68 CMakeFiles/car.dir/D_/Learn/C/C/pico-sdk/src/rp2_common/hardware_timer/timer.c.obj
 .debug_ranges  0x00006670      0x820 CMakeFiles/car.dir/D_/Learn/C/C/pico-sdk/src/rp2_common/hardware_uart/uart.c.obj
 .debug_ranges  0x00006e90      0xbb0 CMakeFiles/car.dir/D_/Learn/C/C/pico-sdk/src/rp2_common/hardware_clocks/clocks.c.obj
 .debug_ranges  0x00007a40       0xd8 CMakeFiles/car.dir/D_/Learn/C/C/pico-sdk/src/rp2_common/hardware_pll/pll.c.obj
 .debug_ranges  0x00007b18       0x38 CMakeFiles/car.dir/D_/Learn/C/C/pico-sdk/src/rp2_common/hardware_ticks/ticks.c.obj
 .debug_ranges  0x00007b50      0x138 CMakeFiles/car.dir/D_/Learn/C/C/pico-sdk/src/rp2_common/pico_bootrom/bootrom.c.obj
 .debug_ranges  0x00007c88       0x20 CMakeFiles/car.dir/D_/Learn/C/C/pico-sdk/src/rp2_common/hardware_xosc/xosc.c.obj
 .debug_ranges  0x00007ca8       0x58 CMakeFiles/car.dir/D_/Learn/C/C/pico-sdk/src/rp2_common/pico_runtime/runtime.c.obj
 .debug_ranges  0x00007d00       0xb0 CMakeFiles/car.dir/D_/Learn/C/C/pico-sdk/src/rp2_common/pico_runtime_init/runtime_init.c.obj
 .debug_ranges  0x00007db0       0x28 CMakeFiles/car.dir/D_/Learn/C/C/pico-sdk/src/rp2_common/pico_runtime_init/runtime_init_clocks.c.obj
 .debug_ranges  0x00007dd8       0x58 CMakeFiles/car.dir/D_/Learn/C/C/pico-sdk/src/rp2_common/pico_bit_ops/bit_ops_aeabi.S.obj
 .debug_ranges  0x00007e30       0x38 CMakeFiles/car.dir/D_/Learn/C/C/pico-sdk/src/rp2_common/pico_divider/divider_hardware.S.obj
 .debug_ranges  0x00007e68      0x148 CMakeFiles/car.dir/D_/Learn/C/C/pico-sdk/src/rp2_common/pico_double/double_aeabi_rp2040.S.obj
 .debug_ranges  0x00007fb0       0x30 CMakeFiles/car.dir/D_/Learn/C/C/pico-sdk/src/rp2_common/pico_double/double_init_rom_rp2040.c.obj
 .debug_ranges  0x00007fe0       0xc0 CMakeFiles/car.dir/D_/Learn/C/C/pico-sdk/src/rp2_common/pico_double/double_v1_rom_shim_rp2040.S.obj
 .debug_ranges  0x000080a0      0x130 CMakeFiles/car.dir/D_/Learn/C/C/pico-sdk/src/rp2_common/pico_float/float_aeabi_rp2040.S.obj
 .debug_ranges  0x000081d0       0x10 CMakeFiles/car.dir/D_/Learn/C/C/pico-sdk/src/rp2_common/pico_float/float_init_rom_rp2040.c.obj
 .debug_ranges  0x000081e0       0x48 CMakeFiles/car.dir/D_/Learn/C/C/pico-sdk/src/rp2_common/pico_float/float_v1_rom_shim_rp2040.S.obj
 .debug_ranges  0x00008228       0x30 CMakeFiles/car.dir/D_/Learn/C/C/pico-sdk/src/rp2_common/pico_mem_ops/mem_ops_aeabi.S.obj
 .debug_ranges  0x00008258      0x500 CMakeFiles/car.dir/D_/Learn/C/C/pico-sdk/src/rp2_common/pico_printf/printf.c.obj
 .debug_ranges  0x00008758       0x20 CMakeFiles/car.dir/D_/Learn/C/C/pico-sdk/src/rp2_common/pico_crt0/crt0.S.obj
 .debug_ranges  0x00008778      0x120 CMakeFiles/car.dir/D_/Learn/C/C/pico-sdk/src/rp2_common/pico_clib_interface/newlib_interface.c.obj
 .debug_ranges  0x00008898      0x8d0 CMakeFiles/car.dir/D_/Learn/C/C/pico-sdk/src/rp2_common/pico_stdio/stdio.c.obj

.debug_line     0x00000000    0x15983
 .debug_line    0x00000000      0xf64 CMakeFiles/car.dir/car.c.obj
 .debug_line    0x00000f64     0x1c65 CMakeFiles/car.dir/D_/Learn/C/C/pico-sdk/src/rp2_common/hardware_gpio/gpio.c.obj
 .debug_line    0x00002bc9      0x23f CMakeFiles/car.dir/D_/Learn/C/C/pico-sdk/src/rp2_common/pico_platform_panic/panic.c.obj
 .debug_line    0x00002e08      0x8b9 CMakeFiles/car.dir/D_/Learn/C/C/pico-sdk/src/common/hardware_claim/claim.c.obj
 .debug_line    0x000036c1      0x473 CMakeFiles/car.dir/D_/Learn/C/C/pico-sdk/src/rp2_common/hardware_sync/sync.c.obj
 .debug_line    0x00003b34      0x34c CMakeFiles/car.dir/D_/Learn/C/C/pico-sdk/src/rp2_common/hardware_sync_spin_lock/sync_spin_lock.c.obj
 .debug_line    0x00003e80     0x168d CMakeFiles/car.dir/D_/Learn/C/C/pico-sdk/src/rp2_common/hardware_irq/irq.c.obj
 .debug_line    0x0000550d      0x280 CMakeFiles/car.dir/D_/Learn/C/C/pico-sdk/src/common/pico_sync/lock_core.c.obj
 .debug_line    0x0000578d     0x1a00 CMakeFiles/car.dir/D_/Learn/C/C/pico-sdk/src/common/pico_sync/mutex.c.obj
 .debug_line    0x0000718d     0x2edf CMakeFiles/car.dir/D_/Learn/C/C/pico-sdk/src/common/pico_time/time.c.obj
 .debug_line    0x0000a06c     0x1cdd CMakeFiles/car.dir/D_/Learn/C/C/pico-sdk/src/rp2_common/hardware_timer/timer.c.obj
 .debug_line    0x0000bd49     0x1115 CMakeFiles/car.dir/D_/Learn/C/C/pico-sdk/src/rp2_common/hardware_uart/uart.c.obj
 .debug_line    0x0000ce5e     0x1d0d CMakeFiles/car.dir/D_/Learn/C/C/pico-sdk/src/rp2_common/hardware_clocks/clocks.c.obj
 .debug_line    0x0000eb6b      0x4c4 CMakeFiles/car.dir/D_/Learn/C/C/pico-sdk/src/rp2_common/hardware_pll/pll.c.obj
 .debug_line    0x0000f02f      0x2d6 CMakeFiles/car.dir/D_/Learn/C/C/pico-sdk/src/rp2_common/hardware_ticks/ticks.c.obj
 .debug_line    0x0000f305      0x38b CMakeFiles/car.dir/D_/Learn/C/C/pico-sdk/src/rp2_common/pico_bootrom/bootrom.c.obj
 .debug_line    0x0000f690      0x2f1 CMakeFiles/car.dir/D_/Learn/C/C/pico-sdk/src/rp2_common/hardware_xosc/xosc.c.obj
 .debug_line    0x0000f981      0x2ab CMakeFiles/car.dir/D_/Learn/C/C/pico-sdk/src/rp2_common/pico_runtime/runtime.c.obj
 .debug_line    0x0000fc2c      0x4ce CMakeFiles/car.dir/D_/Learn/C/C/pico-sdk/src/rp2_common/pico_runtime_init/runtime_init.c.obj
 .debug_line    0x000100fa      0x4b9 CMakeFiles/car.dir/D_/Learn/C/C/pico-sdk/src/rp2_common/pico_runtime_init/runtime_init_clocks.c.obj
 .debug_line    0x000105b3      0x12f CMakeFiles/car.dir/D_/Learn/C/C/pico-sdk/src/rp2_common/pico_bit_ops/bit_ops_aeabi.S.obj
 .debug_line    0x000106e2      0x2d4 CMakeFiles/car.dir/D_/Learn/C/C/pico-sdk/src/rp2_common/pico_divider/divider_hardware.S.obj
 .debug_line    0x000109b6      0x47f CMakeFiles/car.dir/D_/Learn/C/C/pico-sdk/src/rp2_common/pico_double/double_aeabi_rp2040.S.obj
 .debug_line    0x00010e35      0x382 CMakeFiles/car.dir/D_/Learn/C/C/pico-sdk/src/rp2_common/pico_double/double_init_rom_rp2040.c.obj
 .debug_line    0x000111b7      0x6a0 CMakeFiles/car.dir/D_/Learn/C/C/pico-sdk/src/rp2_common/pico_double/double_v1_rom_shim_rp2040.S.obj
 .debug_line    0x00011857       0x92 CMakeFiles/car.dir/D_/Learn/C/C/pico-sdk/src/rp2_common/pico_int64_ops/pico_int64_ops_aeabi.S.obj
 .debug_line    0x000118e9      0x3fd CMakeFiles/car.dir/D_/Learn/C/C/pico-sdk/src/rp2_common/pico_float/float_aeabi_rp2040.S.obj
 .debug_line    0x00011ce6      0x2dd CMakeFiles/car.dir/D_/Learn/C/C/pico-sdk/src/rp2_common/pico_float/float_init_rom_rp2040.c.obj
 .debug_line    0x00011fc3      0x1c6 CMakeFiles/car.dir/D_/Learn/C/C/pico-sdk/src/rp2_common/pico_float/float_v1_rom_shim_rp2040.S.obj
 .debug_line    0x00012189       0xbc CMakeFiles/car.dir/D_/Learn/C/C/pico-sdk/src/rp2_common/pico_mem_ops/mem_ops_aeabi.S.obj
 .debug_line    0x00012245      0x1b6 CMakeFiles/car.dir/D_/Learn/C/C/pico-sdk/src/rp2_common/pico_standard_binary_info/standard_binary_info.c.obj
 .debug_line    0x000123fb     0x1875 CMakeFiles/car.dir/D_/Learn/C/C/pico-sdk/src/rp2_common/pico_printf/printf.c.obj
 .debug_line    0x00013c70       0xc1 CMakeFiles/car.dir/D_/Learn/C/C/pico-sdk/src/rp2_common/pico_crt0/crt0.S.obj
 .debug_line    0x00013d31      0x7cc CMakeFiles/car.dir/D_/Learn/C/C/pico-sdk/src/rp2_common/pico_clib_interface/newlib_interface.c.obj
 .debug_line    0x000144fd     0x1486 CMakeFiles/car.dir/D_/Learn/C/C/pico-sdk/src/rp2_common/pico_stdio/stdio.c.obj

.debug_str      0x00000000     0x4787
 .debug_str     0x00000000      0xedd CMakeFiles/car.dir/car.c.obj
                               0x103f (size before relaxing)
 .debug_str     0x00000edd      0x5c8 CMakeFiles/car.dir/D_/Learn/C/C/pico-sdk/src/rp2_common/hardware_gpio/gpio.c.obj
                                0xc6e (size before relaxing)
 .debug_str     0x000014a5       0x8d CMakeFiles/car.dir/D_/Learn/C/C/pico-sdk/src/rp2_common/pico_platform_panic/panic.c.obj
                                0x1f3 (size before relaxing)
 .debug_str     0x00001532      0x190 CMakeFiles/car.dir/D_/Learn/C/C/pico-sdk/src/common/hardware_claim/claim.c.obj
                                0x37c (size before relaxing)
 .debug_str     0x000016c2       0xc7 CMakeFiles/car.dir/D_/Learn/C/C/pico-sdk/src/rp2_common/hardware_sync/sync.c.obj
                                0x320 (size before relaxing)
 .debug_str     0x00001789       0x5d CMakeFiles/car.dir/D_/Learn/C/C/pico-sdk/src/rp2_common/hardware_sync_spin_lock/sync_spin_lock.c.obj
                                0x238 (size before relaxing)
 .debug_str     0x000017e6      0x466 CMakeFiles/car.dir/D_/Learn/C/C/pico-sdk/src/rp2_common/hardware_irq/irq.c.obj
                                0xa17 (size before relaxing)
 .debug_str     0x00001c4c       0x57 CMakeFiles/car.dir/D_/Learn/C/C/pico-sdk/src/common/pico_sync/lock_core.c.obj
                                0x204 (size before relaxing)
 .debug_str     0x00001ca3      0x21f CMakeFiles/car.dir/D_/Learn/C/C/pico-sdk/src/common/pico_sync/mutex.c.obj
                                0x797 (size before relaxing)
 .debug_str     0x00001ec2      0x939 CMakeFiles/car.dir/D_/Learn/C/C/pico-sdk/src/common/pico_time/time.c.obj
                               0x118d (size before relaxing)
 .debug_str     0x000027fb      0x1d4 CMakeFiles/car.dir/D_/Learn/C/C/pico-sdk/src/rp2_common/hardware_timer/timer.c.obj
                                0x9cc (size before relaxing)
 .debug_str     0x000029cf      0x410 CMakeFiles/car.dir/D_/Learn/C/C/pico-sdk/src/rp2_common/hardware_uart/uart.c.obj
                                0xbbf (size before relaxing)
 .debug_str     0x00002ddf      0x407 CMakeFiles/car.dir/D_/Learn/C/C/pico-sdk/src/rp2_common/hardware_clocks/clocks.c.obj
                                0x976 (size before relaxing)
 .debug_str     0x000031e6       0x70 CMakeFiles/car.dir/D_/Learn/C/C/pico-sdk/src/rp2_common/hardware_pll/pll.c.obj
                                0x457 (size before relaxing)
 .debug_str     0x00003256       0xc4 CMakeFiles/car.dir/D_/Learn/C/C/pico-sdk/src/rp2_common/hardware_ticks/ticks.c.obj
                                0x286 (size before relaxing)
 .debug_str     0x0000331a      0x181 CMakeFiles/car.dir/D_/Learn/C/C/pico-sdk/src/rp2_common/pico_bootrom/bootrom.c.obj
                                0x32e (size before relaxing)
 .debug_str     0x0000349b       0x70 CMakeFiles/car.dir/D_/Learn/C/C/pico-sdk/src/rp2_common/hardware_xosc/xosc.c.obj
                                0x23b (size before relaxing)
 .debug_str     0x0000350b       0xe5 CMakeFiles/car.dir/D_/Learn/C/C/pico-sdk/src/rp2_common/pico_runtime/runtime.c.obj
                                0x286 (size before relaxing)
 .debug_str     0x000035f0      0x2a6 CMakeFiles/car.dir/D_/Learn/C/C/pico-sdk/src/rp2_common/pico_runtime_init/runtime_init.c.obj
                                0x76b (size before relaxing)
 .debug_str     0x00003896       0x5d CMakeFiles/car.dir/D_/Learn/C/C/pico-sdk/src/rp2_common/pico_runtime_init/runtime_init_clocks.c.obj
                                0x462 (size before relaxing)
 .debug_str     0x000038f3       0x50 CMakeFiles/car.dir/D_/Learn/C/C/pico-sdk/src/rp2_common/pico_bit_ops/bit_ops_aeabi.S.obj
                                 0x79 (size before relaxing)
 .debug_str     0x00003943       0x45 CMakeFiles/car.dir/D_/Learn/C/C/pico-sdk/src/rp2_common/pico_divider/divider_hardware.S.obj
                                 0x7c (size before relaxing)
 .debug_str     0x00003988       0x47 CMakeFiles/car.dir/D_/Learn/C/C/pico-sdk/src/rp2_common/pico_double/double_aeabi_rp2040.S.obj
                                 0x7e (size before relaxing)
 .debug_str     0x000039cf       0xb6 CMakeFiles/car.dir/D_/Learn/C/C/pico-sdk/src/rp2_common/pico_double/double_init_rom_rp2040.c.obj
                                0x294 (size before relaxing)
 .debug_str     0x00003a85       0x4d CMakeFiles/car.dir/D_/Learn/C/C/pico-sdk/src/rp2_common/pico_double/double_v1_rom_shim_rp2040.S.obj
                                 0x84 (size before relaxing)
 .debug_str     0x00003ad2       0x4b CMakeFiles/car.dir/D_/Learn/C/C/pico-sdk/src/rp2_common/pico_int64_ops/pico_int64_ops_aeabi.S.obj
                                 0x82 (size before relaxing)
 .debug_str     0x00003b1d       0x45 CMakeFiles/car.dir/D_/Learn/C/C/pico-sdk/src/rp2_common/pico_float/float_aeabi_rp2040.S.obj
                                 0x7c (size before relaxing)
 .debug_str     0x00003b62       0x8d CMakeFiles/car.dir/D_/Learn/C/C/pico-sdk/src/rp2_common/pico_float/float_init_rom_rp2040.c.obj
                                0x299 (size before relaxing)
 .debug_str     0x00003bef       0x4b CMakeFiles/car.dir/D_/Learn/C/C/pico-sdk/src/rp2_common/pico_float/float_v1_rom_shim_rp2040.S.obj
                                 0x82 (size before relaxing)
 .debug_str     0x00003c3a       0x42 CMakeFiles/car.dir/D_/Learn/C/C/pico-sdk/src/rp2_common/pico_mem_ops/mem_ops_aeabi.S.obj
                                 0x79 (size before relaxing)
 .debug_str     0x00003c7c      0x24f CMakeFiles/car.dir/D_/Learn/C/C/pico-sdk/src/rp2_common/pico_standard_binary_info/standard_binary_info.c.obj
                                0x3fa (size before relaxing)
 .debug_str     0x00003ecb      0x28a CMakeFiles/car.dir/D_/Learn/C/C/pico-sdk/src/rp2_common/pico_printf/printf.c.obj
                                0x4dd (size before relaxing)
 .debug_str     0x00004155       0x36 CMakeFiles/car.dir/D_/Learn/C/C/pico-sdk/src/rp2_common/pico_crt0/crt0.S.obj
                                 0x6d (size before relaxing)
 .debug_str     0x0000418b      0x2fb CMakeFiles/car.dir/D_/Learn/C/C/pico-sdk/src/rp2_common/pico_clib_interface/newlib_interface.c.obj
                                0x719 (size before relaxing)
 .debug_str     0x00004486      0x301 CMakeFiles/car.dir/D_/Learn/C/C/pico-sdk/src/rp2_common/pico_stdio/stdio.c.obj
                                0xd6d (size before relaxing)

.debug_frame    0x00000000     0x1a9c
 .debug_frame   0x00000000       0x78 CMakeFiles/car.dir/car.c.obj
 .debug_frame   0x00000078      0x330 CMakeFiles/car.dir/D_/Learn/C/C/pico-sdk/src/rp2_common/hardware_gpio/gpio.c.obj
 .debug_frame   0x000003a8       0x44 CMakeFiles/car.dir/D_/Learn/C/C/pico-sdk/src/rp2_common/pico_platform_panic/panic.c.obj
 .debug_frame   0x000003ec       0xa0 CMakeFiles/car.dir/D_/Learn/C/C/pico-sdk/src/common/hardware_claim/claim.c.obj
 .debug_frame   0x0000048c       0xa4 CMakeFiles/car.dir/D_/Learn/C/C/pico-sdk/src/rp2_common/hardware_sync/sync.c.obj
 .debug_frame   0x00000530       0x30 CMakeFiles/car.dir/D_/Learn/C/C/pico-sdk/src/rp2_common/hardware_sync_spin_lock/sync_spin_lock.c.obj
 .debug_frame   0x00000560      0x1c8 CMakeFiles/car.dir/D_/Learn/C/C/pico-sdk/src/rp2_common/hardware_irq/irq.c.obj
 .debug_frame   0x00000728       0x20 CMakeFiles/car.dir/D_/Learn/C/C/pico-sdk/src/common/pico_sync/lock_core.c.obj
 .debug_frame   0x00000748      0x1e4 CMakeFiles/car.dir/D_/Learn/C/C/pico-sdk/src/common/pico_sync/mutex.c.obj
 .debug_frame   0x0000092c      0x2d4 CMakeFiles/car.dir/D_/Learn/C/C/pico-sdk/src/common/pico_time/time.c.obj
 .debug_frame   0x00000c00      0x2bc CMakeFiles/car.dir/D_/Learn/C/C/pico-sdk/src/rp2_common/hardware_timer/timer.c.obj
 .debug_frame   0x00000ebc       0xec CMakeFiles/car.dir/D_/Learn/C/C/pico-sdk/src/rp2_common/hardware_uart/uart.c.obj
 .debug_frame   0x00000fa8      0x1f4 CMakeFiles/car.dir/D_/Learn/C/C/pico-sdk/src/rp2_common/hardware_clocks/clocks.c.obj
 .debug_frame   0x0000119c       0x40 CMakeFiles/car.dir/D_/Learn/C/C/pico-sdk/src/rp2_common/hardware_pll/pll.c.obj
 .debug_frame   0x000011dc       0x40 CMakeFiles/car.dir/D_/Learn/C/C/pico-sdk/src/rp2_common/hardware_ticks/ticks.c.obj
 .debug_frame   0x0000121c       0xa0 CMakeFiles/car.dir/D_/Learn/C/C/pico-sdk/src/rp2_common/pico_bootrom/bootrom.c.obj
 .debug_frame   0x000012bc       0x40 CMakeFiles/car.dir/D_/Learn/C/C/pico-sdk/src/rp2_common/hardware_xosc/xosc.c.obj
 .debug_frame   0x000012fc       0x70 CMakeFiles/car.dir/D_/Learn/C/C/pico-sdk/src/rp2_common/pico_runtime/runtime.c.obj
 .debug_frame   0x0000136c       0x84 CMakeFiles/car.dir/D_/Learn/C/C/pico-sdk/src/rp2_common/pico_runtime_init/runtime_init.c.obj
 .debug_frame   0x000013f0       0x2c CMakeFiles/car.dir/D_/Learn/C/C/pico-sdk/src/rp2_common/pico_runtime_init/runtime_init_clocks.c.obj
 .debug_frame   0x0000141c       0x2c CMakeFiles/car.dir/D_/Learn/C/C/pico-sdk/src/rp2_common/pico_double/double_init_rom_rp2040.c.obj
 .debug_frame   0x00001448       0x28 CMakeFiles/car.dir/D_/Learn/C/C/pico-sdk/src/rp2_common/pico_float/float_init_rom_rp2040.c.obj
 .debug_frame   0x00001470      0x1e8 CMakeFiles/car.dir/D_/Learn/C/C/pico-sdk/src/rp2_common/pico_printf/printf.c.obj
 .debug_frame   0x00001658      0x178 CMakeFiles/car.dir/D_/Learn/C/C/pico-sdk/src/rp2_common/pico_clib_interface/newlib_interface.c.obj
 .debug_frame   0x000017d0      0x2a4 CMakeFiles/car.dir/D_/Learn/C/C/pico-sdk/src/rp2_common/pico_stdio/stdio.c.obj
 .debug_frame   0x00001a74       0x28 c:/progra~2/gnuarm~1/102021~1.10/bin/../lib/gcc/arm-none-eabi/10.3.1/../../../../arm-none-eabi/lib/thumb/v6-m/nofp\libg.a(lib_a-strlen-stub.o)
