../Core/Src/main.c:32:5:main	32	static
../Core/Src/main.c:116:6:HAL_UART_RxCpltCallback	16	static
../Core/Src/main.c:184:6:SystemClock_Config	88	static
../Core/Src/main.c:214:13:MX_TIM1_Init	96	static
../Core/Src/main.c:278:13:MX_UART4_Init	8	static
../Core/Src/main.c:297:13:MX_GPIO_Init	40	static
../Core/Src/main.c:320:6:Error_Handler	4	static,ignoring_inline_asm
../Core/Src/main.c:328:6:setMotor	24	static
../Core/Src/main.c:341:6:shapeRight	16	static
../Core/Src/main.c:346:6:shapeLeft	16	static
../Core/Src/main.c:351:6:forward	16	static
../Core/Src/main.c:356:6:backward	16	static
../Core/Src/main.c:361:6:stop	16	static
../Core/Src/main.c:366:6:turnRight	16	static
../Core/Src/main.c:371:6:turnLeft	16	static
../Core/Src/main.c:376:6:backRight	16	static
../Core/Src/main.c:381:6:backLeft	16	static
../Core/Src/main.c:386:6:hardBackRight	16	static
../Core/Src/main.c:391:6:hardBackLeft	16	static
../Core/Src/main.c:396:6:hardRight	16	static
../Core/Src/main.c:401:6:hardLeft	16	static
