../Core/Src/main.c:32:5:main	32	static
../Core/Src/main.c:130:6:HAL_UART_RxCpltCallback	16	static
../Core/Src/main.c:198:6:SystemClock_Config	88	static
../Core/Src/main.c:228:13:MX_TIM1_Init	96	static
../Core/Src/main.c:292:13:MX_UART4_Init	8	static
../Core/Src/main.c:311:13:MX_GPIO_Init	40	static
../Core/Src/main.c:334:6:Error_Handler	4	static,ignoring_inline_asm
../Core/Src/main.c:342:6:setMotor	24	static
../Core/Src/main.c:355:6:shapeRight	16	static
../Core/Src/main.c:360:6:shapeLeft	16	static
../Core/Src/main.c:365:6:forward	16	static
../Core/Src/main.c:370:6:backward	16	static
../Core/Src/main.c:375:6:stop	16	static
../Core/Src/main.c:380:6:turnRight	16	static
../Core/Src/main.c:385:6:turnLeft	16	static
../Core/Src/main.c:390:6:backRight	16	static
../Core/Src/main.c:395:6:backLeft	16	static
../Core/Src/main.c:400:6:hardBackRight	16	static
../Core/Src/main.c:405:6:hardBackLeft	16	static
../Core/Src/main.c:410:6:hardRight	16	static
../Core/Src/main.c:415:6:hardLeft	16	static
