../Core/Src/main.c:86:6:LCD_Init_Custom	8	static
../Core/Src/main.c:93:5:send_at_command	32	static
../Core/Src/main.c:115:5:main	568	static
../Core/Src/main.c:224:6:SystemClock_Config	88	static
../Core/Src/main.c:270:13:MX_ADC1_Init	24	static
../Core/Src/main.c:331:13:MX_I2C1_Init	8	static
../Core/Src/main.c:365:13:MX_TIM2_Init	48	static
../Core/Src/main.c:414:13:MX_TIM4_Init	32	static
../Core/Src/main.c:459:13:MX_USART6_UART_Init	8	static
../Core/Src/main.c:490:13:MX_DMA_Init	16	static
../Core/Src/main.c:508:13:MX_GPIO_Init	48	static
../Core/Src/main.c:543:6:HAL_UART_RxCpltCallback	16	static
../Core/Src/main.c:577:6:Error_Handler	4	static,ignoring_inline_asm
