../Core/Src/main.c:8:5:main	8	static
../Core/Src/main.c:54:6:SystemClock_Config	88	static
../Core/Src/main.c:96:13:MX_TIM1_Init	96	static
../Core/Src/main.c:175:13:MX_GPIO_Init	32	static
../Core/Src/main.c:210:6:setMotor	24	static
../Core/Src/main.c:223:6:hardRight	16	static
../Core/Src/main.c:228:6:hardLeft	16	static
../Core/Src/main.c:233:6:shapeRight	16	static
../Core/Src/main.c:238:6:shapeLeft	16	static
../Core/Src/main.c:243:6:turnRight	16	static
../Core/Src/main.c:248:6:turnLeft	16	static
../Core/Src/main.c:253:6:forward	16	static
../Core/Src/main.c:258:6:backward	16	static
../Core/Src/main.c:263:6:stop	16	static
../Core/Src/main.c:268:6:Error_Handler	4	static,ignoring_inline_asm
