../Core/Src/main.c:60:5:main	96	static
../Core/Src/main.c:153:5:send_at_command	32	static
../Core/Src/main.c:187:6:WiFi_Connect_Hybrid	264	static
../Core/Src/main.c:255:6:Error_Handler	4	static,ignoring_inline_asm
../Core/Src/main.c:262:6:SystemClock_Config	88	static
../Core/Src/main.c:284:13:MX_I2C1_Init	8	static
../Core/Src/main.c:288:13:MX_TIM4_Init	32	static
../Core/Src/main.c:296:13:MX_USART6_UART_Init	8	static
../Core/Src/main.c:300:13:MX_GPIO_Init	48	static
../Core/Src/main.c:306:6:HAL_TIM_PeriodElapsedCallback	16	static
../Core/Src/main.c:309:6:HAL_UART_RxCpltCallback	16	static
